Archive member included to satisfy reference by file (symbol)

C:/ST/STM32CubeCLT_1.17.0/GNU-tools-for-STM32/bin/../lib/gcc/arm-none-eabi/12.3.1/../../../../arm-none-eabi/lib/thumb/v7e-m+fp/hard\libc.a(libc_a-errno.o)
                              CMakeFiles/f303-test.dir/Src/syscall.c.obj (__errno)
C:/ST/STM32CubeCLT_1.17.0/GNU-tools-for-STM32/bin/../lib/gcc/arm-none-eabi/12.3.1/../../../../arm-none-eabi/lib/thumb/v7e-m+fp/hard\libc.a(libc_a-init.o)
                              CMakeFiles/f303-test.dir/Startup/startup_stm32f303vctx.s.obj (__libc_init_array)
C:/ST/STM32CubeCLT_1.17.0/GNU-tools-for-STM32/bin/../lib/gcc/arm-none-eabi/12.3.1/../../../../arm-none-eabi/lib/thumb/v7e-m+fp/hard\libc.a(libc_a-impure.o)
                              C:/ST/STM32CubeCLT_1.17.0/GNU-tools-for-STM32/bin/../lib/gcc/arm-none-eabi/12.3.1/../../../../arm-none-eabi/lib/thumb/v7e-m+fp/hard\libc.a(libc_a-errno.o) (_impure_ptr)
C:/ST/STM32CubeCLT_1.17.0/GNU-tools-for-STM32/bin/../lib/gcc/arm-none-eabi/12.3.1/../../../../arm-none-eabi/lib/thumb/v7e-m+fp/hard\libc.a(libc_a-findfp.o)
                              C:/ST/STM32CubeCLT_1.17.0/GNU-tools-for-STM32/bin/../lib/gcc/arm-none-eabi/12.3.1/../../../../arm-none-eabi/lib/thumb/v7e-m+fp/hard\libc.a(libc_a-impure.o) (__sf)
C:/ST/STM32CubeCLT_1.17.0/GNU-tools-for-STM32/bin/../lib/gcc/arm-none-eabi/12.3.1/../../../../arm-none-eabi/lib/thumb/v7e-m+fp/hard\libc.a(libc_a-fwalk.o)
                              C:/ST/STM32CubeCLT_1.17.0/GNU-tools-for-STM32/bin/../lib/gcc/arm-none-eabi/12.3.1/../../../../arm-none-eabi/lib/thumb/v7e-m+fp/hard\libc.a(libc_a-findfp.o) (_fwalk_sglue)
C:/ST/STM32CubeCLT_1.17.0/GNU-tools-for-STM32/bin/../lib/gcc/arm-none-eabi/12.3.1/../../../../arm-none-eabi/lib/thumb/v7e-m+fp/hard\libc.a(libc_a-stdio.o)
                              C:/ST/STM32CubeCLT_1.17.0/GNU-tools-for-STM32/bin/../lib/gcc/arm-none-eabi/12.3.1/../../../../arm-none-eabi/lib/thumb/v7e-m+fp/hard\libc.a(libc_a-findfp.o) (__sread)
C:/ST/STM32CubeCLT_1.17.0/GNU-tools-for-STM32/bin/../lib/gcc/arm-none-eabi/12.3.1/../../../../arm-none-eabi/lib/thumb/v7e-m+fp/hard\libc.a(libc_a-memset.o)
                              C:/ST/STM32CubeCLT_1.17.0/GNU-tools-for-STM32/bin/../lib/gcc/arm-none-eabi/12.3.1/../../../../arm-none-eabi/lib/thumb/v7e-m+fp/hard\libc.a(libc_a-findfp.o) (memset)
C:/ST/STM32CubeCLT_1.17.0/GNU-tools-for-STM32/bin/../lib/gcc/arm-none-eabi/12.3.1/../../../../arm-none-eabi/lib/thumb/v7e-m+fp/hard\libc.a(libc_a-closer.o)
                              C:/ST/STM32CubeCLT_1.17.0/GNU-tools-for-STM32/bin/../lib/gcc/arm-none-eabi/12.3.1/../../../../arm-none-eabi/lib/thumb/v7e-m+fp/hard\libc.a(libc_a-stdio.o) (_close_r)
C:/ST/STM32CubeCLT_1.17.0/GNU-tools-for-STM32/bin/../lib/gcc/arm-none-eabi/12.3.1/../../../../arm-none-eabi/lib/thumb/v7e-m+fp/hard\libc.a(libc_a-reent.o)
                              C:/ST/STM32CubeCLT_1.17.0/GNU-tools-for-STM32/bin/../lib/gcc/arm-none-eabi/12.3.1/../../../../arm-none-eabi/lib/thumb/v7e-m+fp/hard\libc.a(libc_a-closer.o) (errno)
C:/ST/STM32CubeCLT_1.17.0/GNU-tools-for-STM32/bin/../lib/gcc/arm-none-eabi/12.3.1/../../../../arm-none-eabi/lib/thumb/v7e-m+fp/hard\libc.a(libc_a-lseekr.o)
                              C:/ST/STM32CubeCLT_1.17.0/GNU-tools-for-STM32/bin/../lib/gcc/arm-none-eabi/12.3.1/../../../../arm-none-eabi/lib/thumb/v7e-m+fp/hard\libc.a(libc_a-stdio.o) (_lseek_r)
C:/ST/STM32CubeCLT_1.17.0/GNU-tools-for-STM32/bin/../lib/gcc/arm-none-eabi/12.3.1/../../../../arm-none-eabi/lib/thumb/v7e-m+fp/hard\libc.a(libc_a-readr.o)
                              C:/ST/STM32CubeCLT_1.17.0/GNU-tools-for-STM32/bin/../lib/gcc/arm-none-eabi/12.3.1/../../../../arm-none-eabi/lib/thumb/v7e-m+fp/hard\libc.a(libc_a-stdio.o) (_read_r)
C:/ST/STM32CubeCLT_1.17.0/GNU-tools-for-STM32/bin/../lib/gcc/arm-none-eabi/12.3.1/../../../../arm-none-eabi/lib/thumb/v7e-m+fp/hard\libc.a(libc_a-writer.o)
                              C:/ST/STM32CubeCLT_1.17.0/GNU-tools-for-STM32/bin/../lib/gcc/arm-none-eabi/12.3.1/../../../../arm-none-eabi/lib/thumb/v7e-m+fp/hard\libc.a(libc_a-stdio.o) (_write_r)
C:/ST/STM32CubeCLT_1.17.0/GNU-tools-for-STM32/bin/../lib/gcc/arm-none-eabi/12.3.1/../../../../arm-none-eabi/lib/thumb/v7e-m+fp/hard\libc.a(libc_a-lock.o)
                              C:/ST/STM32CubeCLT_1.17.0/GNU-tools-for-STM32/bin/../lib/gcc/arm-none-eabi/12.3.1/../../../../arm-none-eabi/lib/thumb/v7e-m+fp/hard\libc.a(libc_a-findfp.o) (__retarget_lock_init_recursive)
C:/ST/STM32CubeCLT_1.17.0/GNU-tools-for-STM32/bin/../lib/gcc/arm-none-eabi/12.3.1/../../../../arm-none-eabi/lib/thumb/v7e-m+fp/hard\libc.a(libc_a-freer.o)
                              C:/ST/STM32CubeCLT_1.17.0/GNU-tools-for-STM32/bin/../lib/gcc/arm-none-eabi/12.3.1/../../../../arm-none-eabi/lib/thumb/v7e-m+fp/hard\libc.a(libc_a-reent.o) (_free_r)
C:/ST/STM32CubeCLT_1.17.0/GNU-tools-for-STM32/bin/../lib/gcc/arm-none-eabi/12.3.1/../../../../arm-none-eabi/lib/thumb/v7e-m+fp/hard\libc.a(libc_a-mallocr.o)
                              C:/ST/STM32CubeCLT_1.17.0/GNU-tools-for-STM32/bin/../lib/gcc/arm-none-eabi/12.3.1/../../../../arm-none-eabi/lib/thumb/v7e-m+fp/hard\libc.a(libc_a-findfp.o) (_malloc_r)
C:/ST/STM32CubeCLT_1.17.0/GNU-tools-for-STM32/bin/../lib/gcc/arm-none-eabi/12.3.1/../../../../arm-none-eabi/lib/thumb/v7e-m+fp/hard\libc.a(libc_a-mlock.o)
                              C:/ST/STM32CubeCLT_1.17.0/GNU-tools-for-STM32/bin/../lib/gcc/arm-none-eabi/12.3.1/../../../../arm-none-eabi/lib/thumb/v7e-m+fp/hard\libc.a(libc_a-freer.o) (__malloc_lock)
C:/ST/STM32CubeCLT_1.17.0/GNU-tools-for-STM32/bin/../lib/gcc/arm-none-eabi/12.3.1/../../../../arm-none-eabi/lib/thumb/v7e-m+fp/hard\libc.a(libc_a-fclose.o)
                              C:/ST/STM32CubeCLT_1.17.0/GNU-tools-for-STM32/bin/../lib/gcc/arm-none-eabi/12.3.1/../../../../arm-none-eabi/lib/thumb/v7e-m+fp/hard\libc.a(libc_a-findfp.o) (_fclose_r)
C:/ST/STM32CubeCLT_1.17.0/GNU-tools-for-STM32/bin/../lib/gcc/arm-none-eabi/12.3.1/../../../../arm-none-eabi/lib/thumb/v7e-m+fp/hard\libc.a(libc_a-fflush.o)
                              C:/ST/STM32CubeCLT_1.17.0/GNU-tools-for-STM32/bin/../lib/gcc/arm-none-eabi/12.3.1/../../../../arm-none-eabi/lib/thumb/v7e-m+fp/hard\libc.a(libc_a-fclose.o) (__sflush_r)
C:/ST/STM32CubeCLT_1.17.0/GNU-tools-for-STM32/bin/../lib/gcc/arm-none-eabi/12.3.1/../../../../arm-none-eabi/lib/thumb/v7e-m+fp/hard\libc.a(libc_a-sbrkr.o)
                              C:/ST/STM32CubeCLT_1.17.0/GNU-tools-for-STM32/bin/../lib/gcc/arm-none-eabi/12.3.1/../../../../arm-none-eabi/lib/thumb/v7e-m+fp/hard\libc.a(libc_a-freer.o) (_sbrk_r)
C:/ST/STM32CubeCLT_1.17.0/GNU-tools-for-STM32/bin/../lib/gcc/arm-none-eabi/12.3.1/../../../../arm-none-eabi/lib/thumb/v7e-m+fp/hard\libc.a(libc_a-sysconf.o)
                              C:/ST/STM32CubeCLT_1.17.0/GNU-tools-for-STM32/bin/../lib/gcc/arm-none-eabi/12.3.1/../../../../arm-none-eabi/lib/thumb/v7e-m+fp/hard\libc.a(libc_a-freer.o) (sysconf)

Discarded input sections

 .group         0x00000000        0xc CMakeFiles/f303-test.dir/CMSIS/Source/system_stm32f3xx.c.obj
 .group         0x00000000        0xc CMakeFiles/f303-test.dir/CMSIS/Source/system_stm32f3xx.c.obj
 .group         0x00000000        0xc CMakeFiles/f303-test.dir/CMSIS/Source/system_stm32f3xx.c.obj
 .group         0x00000000        0xc CMakeFiles/f303-test.dir/CMSIS/Source/system_stm32f3xx.c.obj
 .group         0x00000000        0xc CMakeFiles/f303-test.dir/CMSIS/Source/system_stm32f3xx.c.obj
 .group         0x00000000        0xc CMakeFiles/f303-test.dir/CMSIS/Source/system_stm32f3xx.c.obj
 .group         0x00000000        0xc CMakeFiles/f303-test.dir/CMSIS/Source/system_stm32f3xx.c.obj
 .group         0x00000000        0xc CMakeFiles/f303-test.dir/CMSIS/Source/system_stm32f3xx.c.obj
 .group         0x00000000        0xc CMakeFiles/f303-test.dir/CMSIS/Source/system_stm32f3xx.c.obj
 .group         0x00000000        0xc CMakeFiles/f303-test.dir/CMSIS/Source/system_stm32f3xx.c.obj
 .group         0x00000000        0xc CMakeFiles/f303-test.dir/CMSIS/Source/system_stm32f3xx.c.obj
 .group         0x00000000        0xc CMakeFiles/f303-test.dir/CMSIS/Source/system_stm32f3xx.c.obj
 .group         0x00000000        0xc CMakeFiles/f303-test.dir/CMSIS/Source/system_stm32f3xx.c.obj
 .group         0x00000000        0xc CMakeFiles/f303-test.dir/CMSIS/Source/system_stm32f3xx.c.obj
 .group         0x00000000        0xc CMakeFiles/f303-test.dir/CMSIS/Source/system_stm32f3xx.c.obj
 .group         0x00000000        0xc CMakeFiles/f303-test.dir/CMSIS/Source/system_stm32f3xx.c.obj
 .text          0x00000000        0x0 CMakeFiles/f303-test.dir/CMSIS/Source/system_stm32f3xx.c.obj
 .data          0x00000000        0x0 CMakeFiles/f303-test.dir/CMSIS/Source/system_stm32f3xx.c.obj
 .bss           0x00000000        0x0 CMakeFiles/f303-test.dir/CMSIS/Source/system_stm32f3xx.c.obj
 .text.SystemCoreClockUpdate
                0x00000000       0x8c CMakeFiles/f303-test.dir/CMSIS/Source/system_stm32f3xx.c.obj
 .rodata.APBPrescTable
                0x00000000        0x8 CMakeFiles/f303-test.dir/CMSIS/Source/system_stm32f3xx.c.obj
 .rodata.AHBPrescTable
                0x00000000       0x10 CMakeFiles/f303-test.dir/CMSIS/Source/system_stm32f3xx.c.obj
 .data.SystemCoreClock
                0x00000000        0x4 CMakeFiles/f303-test.dir/CMSIS/Source/system_stm32f3xx.c.obj
 .group         0x00000000        0xc CMakeFiles/f303-test.dir/Src/main.c.obj
 .group         0x00000000        0xc CMakeFiles/f303-test.dir/Src/main.c.obj
 .group         0x00000000        0xc CMakeFiles/f303-test.dir/Src/main.c.obj
 .group         0x00000000        0xc CMakeFiles/f303-test.dir/Src/main.c.obj
 .group         0x00000000        0xc CMakeFiles/f303-test.dir/Src/main.c.obj
 .group         0x00000000        0xc CMakeFiles/f303-test.dir/Src/main.c.obj
 .group         0x00000000        0xc CMakeFiles/f303-test.dir/Src/main.c.obj
 .group         0x00000000        0xc CMakeFiles/f303-test.dir/Src/main.c.obj
 .group         0x00000000        0xc CMakeFiles/f303-test.dir/Src/main.c.obj
 .group         0x00000000        0xc CMakeFiles/f303-test.dir/Src/main.c.obj
 .group         0x00000000        0xc CMakeFiles/f303-test.dir/Src/main.c.obj
 .group         0x00000000        0xc CMakeFiles/f303-test.dir/Src/main.c.obj
 .group         0x00000000        0xc CMakeFiles/f303-test.dir/Src/main.c.obj
 .group         0x00000000        0xc CMakeFiles/f303-test.dir/Src/main.c.obj
 .group         0x00000000        0xc CMakeFiles/f303-test.dir/Src/main.c.obj
 .group         0x00000000        0xc CMakeFiles/f303-test.dir/Src/main.c.obj
 .group         0x00000000        0xc CMakeFiles/f303-test.dir/Src/main.c.obj
 .group         0x00000000        0xc CMakeFiles/f303-test.dir/Src/main.c.obj
 .group         0x00000000        0xc CMakeFiles/f303-test.dir/Src/main.c.obj
 .group         0x00000000        0xc CMakeFiles/f303-test.dir/Src/main.c.obj
 .group         0x00000000        0xc CMakeFiles/f303-test.dir/Src/main.c.obj
 .group         0x00000000        0xc CMakeFiles/f303-test.dir/Src/main.c.obj
 .group         0x00000000        0xc CMakeFiles/f303-test.dir/Src/main.c.obj
 .group         0x00000000        0xc CMakeFiles/f303-test.dir/Src/main.c.obj
 .group         0x00000000        0xc CMakeFiles/f303-test.dir/Src/main.c.obj
 .group         0x00000000        0xc CMakeFiles/f303-test.dir/Src/main.c.obj
 .group         0x00000000        0xc CMakeFiles/f303-test.dir/Src/main.c.obj
 .group         0x00000000        0xc CMakeFiles/f303-test.dir/Src/main.c.obj
 .group         0x00000000        0xc CMakeFiles/f303-test.dir/Src/main.c.obj
 .group         0x00000000        0xc CMakeFiles/f303-test.dir/Src/main.c.obj
 .group         0x00000000        0xc CMakeFiles/f303-test.dir/Src/main.c.obj
 .group         0x00000000        0xc CMakeFiles/f303-test.dir/Src/main.c.obj
 .group         0x00000000        0xc CMakeFiles/f303-test.dir/Src/main.c.obj
 .group         0x00000000        0xc CMakeFiles/f303-test.dir/Src/main.c.obj
 .text          0x00000000        0x0 CMakeFiles/f303-test.dir/Src/main.c.obj
 .data          0x00000000        0x0 CMakeFiles/f303-test.dir/Src/main.c.obj
 .bss           0x00000000        0x0 CMakeFiles/f303-test.dir/Src/main.c.obj
 .debug_macro   0x00000000      0xaae CMakeFiles/f303-test.dir/Src/main.c.obj
 .debug_macro   0x00000000       0x22 CMakeFiles/f303-test.dir/Src/main.c.obj
 .debug_macro   0x00000000       0x8e CMakeFiles/f303-test.dir/Src/main.c.obj
 .debug_macro   0x00000000       0x51 CMakeFiles/f303-test.dir/Src/main.c.obj
 .debug_macro   0x00000000      0x103 CMakeFiles/f303-test.dir/Src/main.c.obj
 .debug_macro   0x00000000       0x6a CMakeFiles/f303-test.dir/Src/main.c.obj
 .debug_macro   0x00000000      0x1df CMakeFiles/f303-test.dir/Src/main.c.obj
 .debug_macro   0x00000000       0x2e CMakeFiles/f303-test.dir/Src/main.c.obj
 .debug_macro   0x00000000       0x28 CMakeFiles/f303-test.dir/Src/main.c.obj
 .debug_macro   0x00000000       0x1c CMakeFiles/f303-test.dir/Src/main.c.obj
 .debug_macro   0x00000000       0x22 CMakeFiles/f303-test.dir/Src/main.c.obj
 .debug_macro   0x00000000      0x107 CMakeFiles/f303-test.dir/Src/main.c.obj
 .debug_macro   0x00000000     0x1057 CMakeFiles/f303-test.dir/Src/main.c.obj
 .debug_macro   0x00000000      0x11f CMakeFiles/f303-test.dir/Src/main.c.obj
 .debug_macro   0x00000000    0x12a3a CMakeFiles/f303-test.dir/Src/main.c.obj
 .debug_macro   0x00000000       0x6d CMakeFiles/f303-test.dir/Src/main.c.obj
 .group         0x00000000        0xc CMakeFiles/f303-test.dir/Src/syscall.c.obj
 .group         0x00000000        0xc CMakeFiles/f303-test.dir/Src/syscall.c.obj
 .group         0x00000000        0xc CMakeFiles/f303-test.dir/Src/syscall.c.obj
 .group         0x00000000        0xc CMakeFiles/f303-test.dir/Src/syscall.c.obj
 .group         0x00000000        0xc CMakeFiles/f303-test.dir/Src/syscall.c.obj
 .group         0x00000000        0xc CMakeFiles/f303-test.dir/Src/syscall.c.obj
 .group         0x00000000        0xc CMakeFiles/f303-test.dir/Src/syscall.c.obj
 .group         0x00000000        0xc CMakeFiles/f303-test.dir/Src/syscall.c.obj
 .group         0x00000000        0xc CMakeFiles/f303-test.dir/Src/syscall.c.obj
 .group         0x00000000        0xc CMakeFiles/f303-test.dir/Src/syscall.c.obj
 .group         0x00000000        0xc CMakeFiles/f303-test.dir/Src/syscall.c.obj
 .group         0x00000000        0xc CMakeFiles/f303-test.dir/Src/syscall.c.obj
 .group         0x00000000        0xc CMakeFiles/f303-test.dir/Src/syscall.c.obj
 .group         0x00000000        0xc CMakeFiles/f303-test.dir/Src/syscall.c.obj
 .group         0x00000000        0xc CMakeFiles/f303-test.dir/Src/syscall.c.obj
 .group         0x00000000        0xc CMakeFiles/f303-test.dir/Src/syscall.c.obj
 .group         0x00000000        0xc CMakeFiles/f303-test.dir/Src/syscall.c.obj
 .group         0x00000000        0xc CMakeFiles/f303-test.dir/Src/syscall.c.obj
 .group         0x00000000        0xc CMakeFiles/f303-test.dir/Src/syscall.c.obj
 .group         0x00000000        0xc CMakeFiles/f303-test.dir/Src/syscall.c.obj
 .group         0x00000000        0xc CMakeFiles/f303-test.dir/Src/syscall.c.obj
 .group         0x00000000        0xc CMakeFiles/f303-test.dir/Src/syscall.c.obj
 .group         0x00000000        0xc CMakeFiles/f303-test.dir/Src/syscall.c.obj
 .group         0x00000000        0xc CMakeFiles/f303-test.dir/Src/syscall.c.obj
 .group         0x00000000        0xc CMakeFiles/f303-test.dir/Src/syscall.c.obj
 .group         0x00000000        0xc CMakeFiles/f303-test.dir/Src/syscall.c.obj
 .group         0x00000000        0xc CMakeFiles/f303-test.dir/Src/syscall.c.obj
 .group         0x00000000        0xc CMakeFiles/f303-test.dir/Src/syscall.c.obj
 .group         0x00000000        0xc CMakeFiles/f303-test.dir/Src/syscall.c.obj
 .group         0x00000000        0xc CMakeFiles/f303-test.dir/Src/syscall.c.obj
 .group         0x00000000        0xc CMakeFiles/f303-test.dir/Src/syscall.c.obj
 .group         0x00000000        0xc CMakeFiles/f303-test.dir/Src/syscall.c.obj
 .group         0x00000000        0xc CMakeFiles/f303-test.dir/Src/syscall.c.obj
 .group         0x00000000        0xc CMakeFiles/f303-test.dir/Src/syscall.c.obj
 .group         0x00000000        0xc CMakeFiles/f303-test.dir/Src/syscall.c.obj
 .group         0x00000000        0xc CMakeFiles/f303-test.dir/Src/syscall.c.obj
 .group         0x00000000        0xc CMakeFiles/f303-test.dir/Src/syscall.c.obj
 .group         0x00000000        0xc CMakeFiles/f303-test.dir/Src/syscall.c.obj
 .group         0x00000000        0xc CMakeFiles/f303-test.dir/Src/syscall.c.obj
 .group         0x00000000        0xc CMakeFiles/f303-test.dir/Src/syscall.c.obj
 .group         0x00000000        0xc CMakeFiles/f303-test.dir/Src/syscall.c.obj
 .group         0x00000000        0xc CMakeFiles/f303-test.dir/Src/syscall.c.obj
 .group         0x00000000        0xc CMakeFiles/f303-test.dir/Src/syscall.c.obj
 .group         0x00000000        0xc CMakeFiles/f303-test.dir/Src/syscall.c.obj
 .group         0x00000000        0xc CMakeFiles/f303-test.dir/Src/syscall.c.obj
 .group         0x00000000        0xc CMakeFiles/f303-test.dir/Src/syscall.c.obj
 .group         0x00000000        0xc CMakeFiles/f303-test.dir/Src/syscall.c.obj
 .text          0x00000000        0x0 CMakeFiles/f303-test.dir/Src/syscall.c.obj
 .data          0x00000000        0x0 CMakeFiles/f303-test.dir/Src/syscall.c.obj
 .bss           0x00000000        0x0 CMakeFiles/f303-test.dir/Src/syscall.c.obj
 .text.initialise_monitor_handles
                0x00000000        0x2 CMakeFiles/f303-test.dir/Src/syscall.c.obj
 .text._getpid  0x00000000        0x4 CMakeFiles/f303-test.dir/Src/syscall.c.obj
 .text._kill    0x00000000       0x10 CMakeFiles/f303-test.dir/Src/syscall.c.obj
 .text._exit    0x00000000        0xc CMakeFiles/f303-test.dir/Src/syscall.c.obj
 .text._read    0x00000000       0x20 CMakeFiles/f303-test.dir/Src/syscall.c.obj
 .text._write   0x00000000       0x1c CMakeFiles/f303-test.dir/Src/syscall.c.obj
 .text._close   0x00000000        0x6 CMakeFiles/f303-test.dir/Src/syscall.c.obj
 .text._fstat   0x00000000        0xa CMakeFiles/f303-test.dir/Src/syscall.c.obj
 .text._isatty  0x00000000        0x4 CMakeFiles/f303-test.dir/Src/syscall.c.obj
 .text._lseek   0x00000000        0x4 CMakeFiles/f303-test.dir/Src/syscall.c.obj
 .text._open    0x00000000        0xa CMakeFiles/f303-test.dir/Src/syscall.c.obj
 .text._wait    0x00000000       0x10 CMakeFiles/f303-test.dir/Src/syscall.c.obj
 .text._unlink  0x00000000       0x10 CMakeFiles/f303-test.dir/Src/syscall.c.obj
 .text._times   0x00000000        0x6 CMakeFiles/f303-test.dir/Src/syscall.c.obj
 .text._stat    0x00000000        0xa CMakeFiles/f303-test.dir/Src/syscall.c.obj
 .text._link    0x00000000       0x10 CMakeFiles/f303-test.dir/Src/syscall.c.obj
 .text._fork    0x00000000       0x10 CMakeFiles/f303-test.dir/Src/syscall.c.obj
 .text._execve  0x00000000       0x10 CMakeFiles/f303-test.dir/Src/syscall.c.obj
 .data.environ  0x00000000        0x4 CMakeFiles/f303-test.dir/Src/syscall.c.obj
 .bss.__env     0x00000000        0x4 CMakeFiles/f303-test.dir/Src/syscall.c.obj
 .debug_macro   0x00000000      0xaae CMakeFiles/f303-test.dir/Src/syscall.c.obj
 .debug_macro   0x00000000       0x22 CMakeFiles/f303-test.dir/Src/syscall.c.obj
 .debug_macro   0x00000000       0x2a CMakeFiles/f303-test.dir/Src/syscall.c.obj
 .debug_macro   0x00000000       0x3c CMakeFiles/f303-test.dir/Src/syscall.c.obj
 .debug_macro   0x00000000       0x34 CMakeFiles/f303-test.dir/Src/syscall.c.obj
 .debug_macro   0x00000000      0x369 CMakeFiles/f303-test.dir/Src/syscall.c.obj
 .debug_macro   0x00000000       0x16 CMakeFiles/f303-test.dir/Src/syscall.c.obj
 .debug_macro   0x00000000       0x43 CMakeFiles/f303-test.dir/Src/syscall.c.obj
 .debug_macro   0x00000000       0x34 CMakeFiles/f303-test.dir/Src/syscall.c.obj
 .debug_macro   0x00000000       0x10 CMakeFiles/f303-test.dir/Src/syscall.c.obj
 .debug_macro   0x00000000       0x58 CMakeFiles/f303-test.dir/Src/syscall.c.obj
 .debug_macro   0x00000000      0x1de CMakeFiles/f303-test.dir/Src/syscall.c.obj
 .debug_macro   0x00000000       0x6a CMakeFiles/f303-test.dir/Src/syscall.c.obj
 .debug_macro   0x00000000       0x10 CMakeFiles/f303-test.dir/Src/syscall.c.obj
 .debug_macro   0x00000000       0x16 CMakeFiles/f303-test.dir/Src/syscall.c.obj
 .debug_macro   0x00000000      0x170 CMakeFiles/f303-test.dir/Src/syscall.c.obj
 .debug_macro   0x00000000      0x103 CMakeFiles/f303-test.dir/Src/syscall.c.obj
 .debug_macro   0x00000000      0x1df CMakeFiles/f303-test.dir/Src/syscall.c.obj
 .group         0x00000000        0xc CMakeFiles/f303-test.dir/Src/sysmem.c.obj
 .group         0x00000000        0xc CMakeFiles/f303-test.dir/Src/sysmem.c.obj
 .group         0x00000000        0xc CMakeFiles/f303-test.dir/Src/sysmem.c.obj
 .group         0x00000000        0xc CMakeFiles/f303-test.dir/Src/sysmem.c.obj
 .group         0x00000000        0xc CMakeFiles/f303-test.dir/Src/sysmem.c.obj
 .group         0x00000000        0xc CMakeFiles/f303-test.dir/Src/sysmem.c.obj
 .group         0x00000000        0xc CMakeFiles/f303-test.dir/Src/sysmem.c.obj
 .group         0x00000000        0xc CMakeFiles/f303-test.dir/Src/sysmem.c.obj
 .group         0x00000000        0xc CMakeFiles/f303-test.dir/Src/sysmem.c.obj
 .group         0x00000000        0xc CMakeFiles/f303-test.dir/Src/sysmem.c.obj
 .group         0x00000000        0xc CMakeFiles/f303-test.dir/Src/sysmem.c.obj
 .group         0x00000000        0xc CMakeFiles/f303-test.dir/Src/sysmem.c.obj
 .group         0x00000000        0xc CMakeFiles/f303-test.dir/Src/sysmem.c.obj
 .group         0x00000000        0xc CMakeFiles/f303-test.dir/Src/sysmem.c.obj
 .group         0x00000000        0xc CMakeFiles/f303-test.dir/Src/sysmem.c.obj
 .group         0x00000000        0xc CMakeFiles/f303-test.dir/Src/sysmem.c.obj
 .group         0x00000000        0xc CMakeFiles/f303-test.dir/Src/sysmem.c.obj
 .group         0x00000000        0xc CMakeFiles/f303-test.dir/Src/sysmem.c.obj
 .group         0x00000000        0xc CMakeFiles/f303-test.dir/Src/sysmem.c.obj
 .group         0x00000000        0xc CMakeFiles/f303-test.dir/Src/sysmem.c.obj
 .text          0x00000000        0x0 CMakeFiles/f303-test.dir/Src/sysmem.c.obj
 .data          0x00000000        0x0 CMakeFiles/f303-test.dir/Src/sysmem.c.obj
 .bss           0x00000000        0x0 CMakeFiles/f303-test.dir/Src/sysmem.c.obj
 .text._sbrk    0x00000000       0x48 CMakeFiles/f303-test.dir/Src/sysmem.c.obj
 .bss.__sbrk_heap_end
                0x00000000        0x4 CMakeFiles/f303-test.dir/Src/sysmem.c.obj
 .debug_info    0x00000000      0x175 CMakeFiles/f303-test.dir/Src/sysmem.c.obj
 .debug_abbrev  0x00000000       0xec CMakeFiles/f303-test.dir/Src/sysmem.c.obj
 .debug_loclists
                0x00000000       0x46 CMakeFiles/f303-test.dir/Src/sysmem.c.obj
 .debug_aranges
                0x00000000       0x20 CMakeFiles/f303-test.dir/Src/sysmem.c.obj
 .debug_rnglists
                0x00000000       0x13 CMakeFiles/f303-test.dir/Src/sysmem.c.obj
 .debug_macro   0x00000000       0xec CMakeFiles/f303-test.dir/Src/sysmem.c.obj
 .debug_macro   0x00000000      0xaae CMakeFiles/f303-test.dir/Src/sysmem.c.obj
 .debug_macro   0x00000000       0x10 CMakeFiles/f303-test.dir/Src/sysmem.c.obj
 .debug_macro   0x00000000       0x22 CMakeFiles/f303-test.dir/Src/sysmem.c.obj
 .debug_macro   0x00000000       0x6e CMakeFiles/f303-test.dir/Src/sysmem.c.obj
 .debug_macro   0x00000000       0x2a CMakeFiles/f303-test.dir/Src/sysmem.c.obj
 .debug_macro   0x00000000       0x94 CMakeFiles/f303-test.dir/Src/sysmem.c.obj
 .debug_macro   0x00000000       0x3c CMakeFiles/f303-test.dir/Src/sysmem.c.obj
 .debug_macro   0x00000000       0x34 CMakeFiles/f303-test.dir/Src/sysmem.c.obj
 .debug_macro   0x00000000      0x189 CMakeFiles/f303-test.dir/Src/sysmem.c.obj
 .debug_macro   0x00000000       0x16 CMakeFiles/f303-test.dir/Src/sysmem.c.obj
 .debug_macro   0x00000000       0x43 CMakeFiles/f303-test.dir/Src/sysmem.c.obj
 .debug_macro   0x00000000       0x57 CMakeFiles/f303-test.dir/Src/sysmem.c.obj
 .debug_macro   0x00000000       0x34 CMakeFiles/f303-test.dir/Src/sysmem.c.obj
 .debug_macro   0x00000000       0x10 CMakeFiles/f303-test.dir/Src/sysmem.c.obj
 .debug_macro   0x00000000       0x58 CMakeFiles/f303-test.dir/Src/sysmem.c.obj
 .debug_macro   0x00000000      0x1de CMakeFiles/f303-test.dir/Src/sysmem.c.obj
 .debug_macro   0x00000000      0x23c CMakeFiles/f303-test.dir/Src/sysmem.c.obj
 .debug_macro   0x00000000      0x103 CMakeFiles/f303-test.dir/Src/sysmem.c.obj
 .debug_macro   0x00000000       0x6a CMakeFiles/f303-test.dir/Src/sysmem.c.obj
 .debug_macro   0x00000000      0x1df CMakeFiles/f303-test.dir/Src/sysmem.c.obj
 .debug_line    0x00000000      0x368 CMakeFiles/f303-test.dir/Src/sysmem.c.obj
 .debug_str     0x00000000     0x5adb CMakeFiles/f303-test.dir/Src/sysmem.c.obj
 .comment       0x00000000       0x44 CMakeFiles/f303-test.dir/Src/sysmem.c.obj
 .debug_frame   0x00000000       0x28 CMakeFiles/f303-test.dir/Src/sysmem.c.obj
 .ARM.attributes
                0x00000000       0x34 CMakeFiles/f303-test.dir/Src/sysmem.c.obj
 .text          0x00000000       0x14 CMakeFiles/f303-test.dir/Startup/startup_stm32f303vctx.s.obj
 .data          0x00000000        0x0 CMakeFiles/f303-test.dir/Startup/startup_stm32f303vctx.s.obj
 .bss           0x00000000        0x0 CMakeFiles/f303-test.dir/Startup/startup_stm32f303vctx.s.obj
 .text          0x00000000        0x0 C:/ST/STM32CubeCLT_1.17.0/GNU-tools-for-STM32/bin/../lib/gcc/arm-none-eabi/12.3.1/../../../../arm-none-eabi/lib/thumb/v7e-m+fp/hard\libc.a(libc_a-errno.o)
 .data          0x00000000        0x0 C:/ST/STM32CubeCLT_1.17.0/GNU-tools-for-STM32/bin/../lib/gcc/arm-none-eabi/12.3.1/../../../../arm-none-eabi/lib/thumb/v7e-m+fp/hard\libc.a(libc_a-errno.o)
 .bss           0x00000000        0x0 C:/ST/STM32CubeCLT_1.17.0/GNU-tools-for-STM32/bin/../lib/gcc/arm-none-eabi/12.3.1/../../../../arm-none-eabi/lib/thumb/v7e-m+fp/hard\libc.a(libc_a-errno.o)
 .text.__errno  0x00000000        0xc C:/ST/STM32CubeCLT_1.17.0/GNU-tools-for-STM32/bin/../lib/gcc/arm-none-eabi/12.3.1/../../../../arm-none-eabi/lib/thumb/v7e-m+fp/hard\libc.a(libc_a-errno.o)
 .debug_frame   0x00000000       0x20 C:/ST/STM32CubeCLT_1.17.0/GNU-tools-for-STM32/bin/../lib/gcc/arm-none-eabi/12.3.1/../../../../arm-none-eabi/lib/thumb/v7e-m+fp/hard\libc.a(libc_a-errno.o)
 .ARM.attributes
                0x00000000       0x34 C:/ST/STM32CubeCLT_1.17.0/GNU-tools-for-STM32/bin/../lib/gcc/arm-none-eabi/12.3.1/../../../../arm-none-eabi/lib/thumb/v7e-m+fp/hard\libc.a(libc_a-errno.o)
 .text          0x00000000        0x0 C:/ST/STM32CubeCLT_1.17.0/GNU-tools-for-STM32/bin/../lib/gcc/arm-none-eabi/12.3.1/../../../../arm-none-eabi/lib/thumb/v7e-m+fp/hard\libc.a(libc_a-init.o)
 .data          0x00000000        0x0 C:/ST/STM32CubeCLT_1.17.0/GNU-tools-for-STM32/bin/../lib/gcc/arm-none-eabi/12.3.1/../../../../arm-none-eabi/lib/thumb/v7e-m+fp/hard\libc.a(libc_a-init.o)
 .bss           0x00000000        0x0 C:/ST/STM32CubeCLT_1.17.0/GNU-tools-for-STM32/bin/../lib/gcc/arm-none-eabi/12.3.1/../../../../arm-none-eabi/lib/thumb/v7e-m+fp/hard\libc.a(libc_a-init.o)
 .text          0x00000000        0x0 C:/ST/STM32CubeCLT_1.17.0/GNU-tools-for-STM32/bin/../lib/gcc/arm-none-eabi/12.3.1/../../../../arm-none-eabi/lib/thumb/v7e-m+fp/hard\libc.a(libc_a-impure.o)
 .data          0x00000000        0x0 C:/ST/STM32CubeCLT_1.17.0/GNU-tools-for-STM32/bin/../lib/gcc/arm-none-eabi/12.3.1/../../../../arm-none-eabi/lib/thumb/v7e-m+fp/hard\libc.a(libc_a-impure.o)
 .bss           0x00000000        0x0 C:/ST/STM32CubeCLT_1.17.0/GNU-tools-for-STM32/bin/../lib/gcc/arm-none-eabi/12.3.1/../../../../arm-none-eabi/lib/thumb/v7e-m+fp/hard\libc.a(libc_a-impure.o)
 .data._impure_ptr
                0x00000000        0x4 C:/ST/STM32CubeCLT_1.17.0/GNU-tools-for-STM32/bin/../lib/gcc/arm-none-eabi/12.3.1/../../../../arm-none-eabi/lib/thumb/v7e-m+fp/hard\libc.a(libc_a-impure.o)
 .data._impure_data
                0x00000000      0x120 C:/ST/STM32CubeCLT_1.17.0/GNU-tools-for-STM32/bin/../lib/gcc/arm-none-eabi/12.3.1/../../../../arm-none-eabi/lib/thumb/v7e-m+fp/hard\libc.a(libc_a-impure.o)
 .ARM.attributes
                0x00000000       0x34 C:/ST/STM32CubeCLT_1.17.0/GNU-tools-for-STM32/bin/../lib/gcc/arm-none-eabi/12.3.1/../../../../arm-none-eabi/lib/thumb/v7e-m+fp/hard\libc.a(libc_a-impure.o)
 .text          0x00000000        0x0 C:/ST/STM32CubeCLT_1.17.0/GNU-tools-for-STM32/bin/../lib/gcc/arm-none-eabi/12.3.1/../../../../arm-none-eabi/lib/thumb/v7e-m+fp/hard\libc.a(libc_a-findfp.o)
 .data          0x00000000        0x0 C:/ST/STM32CubeCLT_1.17.0/GNU-tools-for-STM32/bin/../lib/gcc/arm-none-eabi/12.3.1/../../../../arm-none-eabi/lib/thumb/v7e-m+fp/hard\libc.a(libc_a-findfp.o)
 .bss           0x00000000        0x0 C:/ST/STM32CubeCLT_1.17.0/GNU-tools-for-STM32/bin/../lib/gcc/arm-none-eabi/12.3.1/../../../../arm-none-eabi/lib/thumb/v7e-m+fp/hard\libc.a(libc_a-findfp.o)
 .text.std      0x00000000       0x6c C:/ST/STM32CubeCLT_1.17.0/GNU-tools-for-STM32/bin/../lib/gcc/arm-none-eabi/12.3.1/../../../../arm-none-eabi/lib/thumb/v7e-m+fp/hard\libc.a(libc_a-findfp.o)
 .text.stdio_exit_handler
                0x00000000       0x18 C:/ST/STM32CubeCLT_1.17.0/GNU-tools-for-STM32/bin/../lib/gcc/arm-none-eabi/12.3.1/../../../../arm-none-eabi/lib/thumb/v7e-m+fp/hard\libc.a(libc_a-findfp.o)
 .text.cleanup_stdio
                0x00000000       0x40 C:/ST/STM32CubeCLT_1.17.0/GNU-tools-for-STM32/bin/../lib/gcc/arm-none-eabi/12.3.1/../../../../arm-none-eabi/lib/thumb/v7e-m+fp/hard\libc.a(libc_a-findfp.o)
 .text.__fp_lock
                0x00000000       0x18 C:/ST/STM32CubeCLT_1.17.0/GNU-tools-for-STM32/bin/../lib/gcc/arm-none-eabi/12.3.1/../../../../arm-none-eabi/lib/thumb/v7e-m+fp/hard\libc.a(libc_a-findfp.o)
 .text.__fp_unlock
                0x00000000       0x18 C:/ST/STM32CubeCLT_1.17.0/GNU-tools-for-STM32/bin/../lib/gcc/arm-none-eabi/12.3.1/../../../../arm-none-eabi/lib/thumb/v7e-m+fp/hard\libc.a(libc_a-findfp.o)
 .text.global_stdio_init.part.0
                0x00000000       0x3c C:/ST/STM32CubeCLT_1.17.0/GNU-tools-for-STM32/bin/../lib/gcc/arm-none-eabi/12.3.1/../../../../arm-none-eabi/lib/thumb/v7e-m+fp/hard\libc.a(libc_a-findfp.o)
 .text.__sfp_lock_acquire
                0x00000000        0xc C:/ST/STM32CubeCLT_1.17.0/GNU-tools-for-STM32/bin/../lib/gcc/arm-none-eabi/12.3.1/../../../../arm-none-eabi/lib/thumb/v7e-m+fp/hard\libc.a(libc_a-findfp.o)
 .text.__sfp_lock_release
                0x00000000        0xc C:/ST/STM32CubeCLT_1.17.0/GNU-tools-for-STM32/bin/../lib/gcc/arm-none-eabi/12.3.1/../../../../arm-none-eabi/lib/thumb/v7e-m+fp/hard\libc.a(libc_a-findfp.o)
 .text.__sfp    0x00000000       0xa4 C:/ST/STM32CubeCLT_1.17.0/GNU-tools-for-STM32/bin/../lib/gcc/arm-none-eabi/12.3.1/../../../../arm-none-eabi/lib/thumb/v7e-m+fp/hard\libc.a(libc_a-findfp.o)
 .text.__sinit  0x00000000       0x30 C:/ST/STM32CubeCLT_1.17.0/GNU-tools-for-STM32/bin/../lib/gcc/arm-none-eabi/12.3.1/../../../../arm-none-eabi/lib/thumb/v7e-m+fp/hard\libc.a(libc_a-findfp.o)
 .text.__fp_lock_all
                0x00000000       0x1c C:/ST/STM32CubeCLT_1.17.0/GNU-tools-for-STM32/bin/../lib/gcc/arm-none-eabi/12.3.1/../../../../arm-none-eabi/lib/thumb/v7e-m+fp/hard\libc.a(libc_a-findfp.o)
 .text.__fp_unlock_all
                0x00000000       0x1c C:/ST/STM32CubeCLT_1.17.0/GNU-tools-for-STM32/bin/../lib/gcc/arm-none-eabi/12.3.1/../../../../arm-none-eabi/lib/thumb/v7e-m+fp/hard\libc.a(libc_a-findfp.o)
 .data.__sglue  0x00000000        0xc C:/ST/STM32CubeCLT_1.17.0/GNU-tools-for-STM32/bin/../lib/gcc/arm-none-eabi/12.3.1/../../../../arm-none-eabi/lib/thumb/v7e-m+fp/hard\libc.a(libc_a-findfp.o)
 .bss.__sf      0x00000000      0x138 C:/ST/STM32CubeCLT_1.17.0/GNU-tools-for-STM32/bin/../lib/gcc/arm-none-eabi/12.3.1/../../../../arm-none-eabi/lib/thumb/v7e-m+fp/hard\libc.a(libc_a-findfp.o)
 .bss.__stdio_exit_handler
                0x00000000        0x4 C:/ST/STM32CubeCLT_1.17.0/GNU-tools-for-STM32/bin/../lib/gcc/arm-none-eabi/12.3.1/../../../../arm-none-eabi/lib/thumb/v7e-m+fp/hard\libc.a(libc_a-findfp.o)
 .debug_frame   0x00000000      0x144 C:/ST/STM32CubeCLT_1.17.0/GNU-tools-for-STM32/bin/../lib/gcc/arm-none-eabi/12.3.1/../../../../arm-none-eabi/lib/thumb/v7e-m+fp/hard\libc.a(libc_a-findfp.o)
 .ARM.attributes
                0x00000000       0x34 C:/ST/STM32CubeCLT_1.17.0/GNU-tools-for-STM32/bin/../lib/gcc/arm-none-eabi/12.3.1/../../../../arm-none-eabi/lib/thumb/v7e-m+fp/hard\libc.a(libc_a-findfp.o)
 .text          0x00000000        0x0 C:/ST/STM32CubeCLT_1.17.0/GNU-tools-for-STM32/bin/../lib/gcc/arm-none-eabi/12.3.1/../../../../arm-none-eabi/lib/thumb/v7e-m+fp/hard\libc.a(libc_a-fwalk.o)
 .data          0x00000000        0x0 C:/ST/STM32CubeCLT_1.17.0/GNU-tools-for-STM32/bin/../lib/gcc/arm-none-eabi/12.3.1/../../../../arm-none-eabi/lib/thumb/v7e-m+fp/hard\libc.a(libc_a-fwalk.o)
 .bss           0x00000000        0x0 C:/ST/STM32CubeCLT_1.17.0/GNU-tools-for-STM32/bin/../lib/gcc/arm-none-eabi/12.3.1/../../../../arm-none-eabi/lib/thumb/v7e-m+fp/hard\libc.a(libc_a-fwalk.o)
 .text._fwalk_sglue
                0x00000000       0x3c C:/ST/STM32CubeCLT_1.17.0/GNU-tools-for-STM32/bin/../lib/gcc/arm-none-eabi/12.3.1/../../../../arm-none-eabi/lib/thumb/v7e-m+fp/hard\libc.a(libc_a-fwalk.o)
 .debug_frame   0x00000000       0x34 C:/ST/STM32CubeCLT_1.17.0/GNU-tools-for-STM32/bin/../lib/gcc/arm-none-eabi/12.3.1/../../../../arm-none-eabi/lib/thumb/v7e-m+fp/hard\libc.a(libc_a-fwalk.o)
 .ARM.attributes
                0x00000000       0x34 C:/ST/STM32CubeCLT_1.17.0/GNU-tools-for-STM32/bin/../lib/gcc/arm-none-eabi/12.3.1/../../../../arm-none-eabi/lib/thumb/v7e-m+fp/hard\libc.a(libc_a-fwalk.o)
 .text          0x00000000        0x0 C:/ST/STM32CubeCLT_1.17.0/GNU-tools-for-STM32/bin/../lib/gcc/arm-none-eabi/12.3.1/../../../../arm-none-eabi/lib/thumb/v7e-m+fp/hard\libc.a(libc_a-stdio.o)
 .data          0x00000000        0x0 C:/ST/STM32CubeCLT_1.17.0/GNU-tools-for-STM32/bin/../lib/gcc/arm-none-eabi/12.3.1/../../../../arm-none-eabi/lib/thumb/v7e-m+fp/hard\libc.a(libc_a-stdio.o)
 .bss           0x00000000        0x0 C:/ST/STM32CubeCLT_1.17.0/GNU-tools-for-STM32/bin/../lib/gcc/arm-none-eabi/12.3.1/../../../../arm-none-eabi/lib/thumb/v7e-m+fp/hard\libc.a(libc_a-stdio.o)
 .text.__sread  0x00000000       0x22 C:/ST/STM32CubeCLT_1.17.0/GNU-tools-for-STM32/bin/../lib/gcc/arm-none-eabi/12.3.1/../../../../arm-none-eabi/lib/thumb/v7e-m+fp/hard\libc.a(libc_a-stdio.o)
 .text.__seofread
                0x00000000        0x4 C:/ST/STM32CubeCLT_1.17.0/GNU-tools-for-STM32/bin/../lib/gcc/arm-none-eabi/12.3.1/../../../../arm-none-eabi/lib/thumb/v7e-m+fp/hard\libc.a(libc_a-stdio.o)
 .text.__swrite
                0x00000000       0x38 C:/ST/STM32CubeCLT_1.17.0/GNU-tools-for-STM32/bin/../lib/gcc/arm-none-eabi/12.3.1/../../../../arm-none-eabi/lib/thumb/v7e-m+fp/hard\libc.a(libc_a-stdio.o)
 .text.__sseek  0x00000000       0x24 C:/ST/STM32CubeCLT_1.17.0/GNU-tools-for-STM32/bin/../lib/gcc/arm-none-eabi/12.3.1/../../../../arm-none-eabi/lib/thumb/v7e-m+fp/hard\libc.a(libc_a-stdio.o)
 .text.__sclose
                0x00000000        0x8 C:/ST/STM32CubeCLT_1.17.0/GNU-tools-for-STM32/bin/../lib/gcc/arm-none-eabi/12.3.1/../../../../arm-none-eabi/lib/thumb/v7e-m+fp/hard\libc.a(libc_a-stdio.o)
 .debug_frame   0x00000000       0x88 C:/ST/STM32CubeCLT_1.17.0/GNU-tools-for-STM32/bin/../lib/gcc/arm-none-eabi/12.3.1/../../../../arm-none-eabi/lib/thumb/v7e-m+fp/hard\libc.a(libc_a-stdio.o)
 .ARM.attributes
                0x00000000       0x34 C:/ST/STM32CubeCLT_1.17.0/GNU-tools-for-STM32/bin/../lib/gcc/arm-none-eabi/12.3.1/../../../../arm-none-eabi/lib/thumb/v7e-m+fp/hard\libc.a(libc_a-stdio.o)
 .text          0x00000000        0x0 C:/ST/STM32CubeCLT_1.17.0/GNU-tools-for-STM32/bin/../lib/gcc/arm-none-eabi/12.3.1/../../../../arm-none-eabi/lib/thumb/v7e-m+fp/hard\libc.a(libc_a-memset.o)
 .data          0x00000000        0x0 C:/ST/STM32CubeCLT_1.17.0/GNU-tools-for-STM32/bin/../lib/gcc/arm-none-eabi/12.3.1/../../../../arm-none-eabi/lib/thumb/v7e-m+fp/hard\libc.a(libc_a-memset.o)
 .bss           0x00000000        0x0 C:/ST/STM32CubeCLT_1.17.0/GNU-tools-for-STM32/bin/../lib/gcc/arm-none-eabi/12.3.1/../../../../arm-none-eabi/lib/thumb/v7e-m+fp/hard\libc.a(libc_a-memset.o)
 .text.memset   0x00000000       0x10 C:/ST/STM32CubeCLT_1.17.0/GNU-tools-for-STM32/bin/../lib/gcc/arm-none-eabi/12.3.1/../../../../arm-none-eabi/lib/thumb/v7e-m+fp/hard\libc.a(libc_a-memset.o)
 .debug_frame   0x00000000       0x20 C:/ST/STM32CubeCLT_1.17.0/GNU-tools-for-STM32/bin/../lib/gcc/arm-none-eabi/12.3.1/../../../../arm-none-eabi/lib/thumb/v7e-m+fp/hard\libc.a(libc_a-memset.o)
 .ARM.attributes
                0x00000000       0x34 C:/ST/STM32CubeCLT_1.17.0/GNU-tools-for-STM32/bin/../lib/gcc/arm-none-eabi/12.3.1/../../../../arm-none-eabi/lib/thumb/v7e-m+fp/hard\libc.a(libc_a-memset.o)
 .text          0x00000000        0x0 C:/ST/STM32CubeCLT_1.17.0/GNU-tools-for-STM32/bin/../lib/gcc/arm-none-eabi/12.3.1/../../../../arm-none-eabi/lib/thumb/v7e-m+fp/hard\libc.a(libc_a-closer.o)
 .data          0x00000000        0x0 C:/ST/STM32CubeCLT_1.17.0/GNU-tools-for-STM32/bin/../lib/gcc/arm-none-eabi/12.3.1/../../../../arm-none-eabi/lib/thumb/v7e-m+fp/hard\libc.a(libc_a-closer.o)
 .bss           0x00000000        0x0 C:/ST/STM32CubeCLT_1.17.0/GNU-tools-for-STM32/bin/../lib/gcc/arm-none-eabi/12.3.1/../../../../arm-none-eabi/lib/thumb/v7e-m+fp/hard\libc.a(libc_a-closer.o)
 .text._close_r
                0x00000000       0x20 C:/ST/STM32CubeCLT_1.17.0/GNU-tools-for-STM32/bin/../lib/gcc/arm-none-eabi/12.3.1/../../../../arm-none-eabi/lib/thumb/v7e-m+fp/hard\libc.a(libc_a-closer.o)
 .debug_frame   0x00000000       0x2c C:/ST/STM32CubeCLT_1.17.0/GNU-tools-for-STM32/bin/../lib/gcc/arm-none-eabi/12.3.1/../../../../arm-none-eabi/lib/thumb/v7e-m+fp/hard\libc.a(libc_a-closer.o)
 .ARM.attributes
                0x00000000       0x34 C:/ST/STM32CubeCLT_1.17.0/GNU-tools-for-STM32/bin/../lib/gcc/arm-none-eabi/12.3.1/../../../../arm-none-eabi/lib/thumb/v7e-m+fp/hard\libc.a(libc_a-closer.o)
 .text          0x00000000        0x0 C:/ST/STM32CubeCLT_1.17.0/GNU-tools-for-STM32/bin/../lib/gcc/arm-none-eabi/12.3.1/../../../../arm-none-eabi/lib/thumb/v7e-m+fp/hard\libc.a(libc_a-reent.o)
 .data          0x00000000        0x0 C:/ST/STM32CubeCLT_1.17.0/GNU-tools-for-STM32/bin/../lib/gcc/arm-none-eabi/12.3.1/../../../../arm-none-eabi/lib/thumb/v7e-m+fp/hard\libc.a(libc_a-reent.o)
 .bss           0x00000000        0x0 C:/ST/STM32CubeCLT_1.17.0/GNU-tools-for-STM32/bin/../lib/gcc/arm-none-eabi/12.3.1/../../../../arm-none-eabi/lib/thumb/v7e-m+fp/hard\libc.a(libc_a-reent.o)
 .text._reclaim_reent
                0x00000000       0x58 C:/ST/STM32CubeCLT_1.17.0/GNU-tools-for-STM32/bin/../lib/gcc/arm-none-eabi/12.3.1/../../../../arm-none-eabi/lib/thumb/v7e-m+fp/hard\libc.a(libc_a-reent.o)
 .bss.errno     0x00000000        0x4 C:/ST/STM32CubeCLT_1.17.0/GNU-tools-for-STM32/bin/../lib/gcc/arm-none-eabi/12.3.1/../../../../arm-none-eabi/lib/thumb/v7e-m+fp/hard\libc.a(libc_a-reent.o)
 .debug_frame   0x00000000       0x38 C:/ST/STM32CubeCLT_1.17.0/GNU-tools-for-STM32/bin/../lib/gcc/arm-none-eabi/12.3.1/../../../../arm-none-eabi/lib/thumb/v7e-m+fp/hard\libc.a(libc_a-reent.o)
 .ARM.attributes
                0x00000000       0x34 C:/ST/STM32CubeCLT_1.17.0/GNU-tools-for-STM32/bin/../lib/gcc/arm-none-eabi/12.3.1/../../../../arm-none-eabi/lib/thumb/v7e-m+fp/hard\libc.a(libc_a-reent.o)
 .text          0x00000000        0x0 C:/ST/STM32CubeCLT_1.17.0/GNU-tools-for-STM32/bin/../lib/gcc/arm-none-eabi/12.3.1/../../../../arm-none-eabi/lib/thumb/v7e-m+fp/hard\libc.a(libc_a-lseekr.o)
 .data          0x00000000        0x0 C:/ST/STM32CubeCLT_1.17.0/GNU-tools-for-STM32/bin/../lib/gcc/arm-none-eabi/12.3.1/../../../../arm-none-eabi/lib/thumb/v7e-m+fp/hard\libc.a(libc_a-lseekr.o)
 .bss           0x00000000        0x0 C:/ST/STM32CubeCLT_1.17.0/GNU-tools-for-STM32/bin/../lib/gcc/arm-none-eabi/12.3.1/../../../../arm-none-eabi/lib/thumb/v7e-m+fp/hard\libc.a(libc_a-lseekr.o)
 .text._lseek_r
                0x00000000       0x24 C:/ST/STM32CubeCLT_1.17.0/GNU-tools-for-STM32/bin/../lib/gcc/arm-none-eabi/12.3.1/../../../../arm-none-eabi/lib/thumb/v7e-m+fp/hard\libc.a(libc_a-lseekr.o)
 .debug_frame   0x00000000       0x2c C:/ST/STM32CubeCLT_1.17.0/GNU-tools-for-STM32/bin/../lib/gcc/arm-none-eabi/12.3.1/../../../../arm-none-eabi/lib/thumb/v7e-m+fp/hard\libc.a(libc_a-lseekr.o)
 .ARM.attributes
                0x00000000       0x34 C:/ST/STM32CubeCLT_1.17.0/GNU-tools-for-STM32/bin/../lib/gcc/arm-none-eabi/12.3.1/../../../../arm-none-eabi/lib/thumb/v7e-m+fp/hard\libc.a(libc_a-lseekr.o)
 .text          0x00000000        0x0 C:/ST/STM32CubeCLT_1.17.0/GNU-tools-for-STM32/bin/../lib/gcc/arm-none-eabi/12.3.1/../../../../arm-none-eabi/lib/thumb/v7e-m+fp/hard\libc.a(libc_a-readr.o)
 .data          0x00000000        0x0 C:/ST/STM32CubeCLT_1.17.0/GNU-tools-for-STM32/bin/../lib/gcc/arm-none-eabi/12.3.1/../../../../arm-none-eabi/lib/thumb/v7e-m+fp/hard\libc.a(libc_a-readr.o)
 .bss           0x00000000        0x0 C:/ST/STM32CubeCLT_1.17.0/GNU-tools-for-STM32/bin/../lib/gcc/arm-none-eabi/12.3.1/../../../../arm-none-eabi/lib/thumb/v7e-m+fp/hard\libc.a(libc_a-readr.o)
 .text._read_r  0x00000000       0x24 C:/ST/STM32CubeCLT_1.17.0/GNU-tools-for-STM32/bin/../lib/gcc/arm-none-eabi/12.3.1/../../../../arm-none-eabi/lib/thumb/v7e-m+fp/hard\libc.a(libc_a-readr.o)
 .debug_frame   0x00000000       0x2c C:/ST/STM32CubeCLT_1.17.0/GNU-tools-for-STM32/bin/../lib/gcc/arm-none-eabi/12.3.1/../../../../arm-none-eabi/lib/thumb/v7e-m+fp/hard\libc.a(libc_a-readr.o)
 .ARM.attributes
                0x00000000       0x34 C:/ST/STM32CubeCLT_1.17.0/GNU-tools-for-STM32/bin/../lib/gcc/arm-none-eabi/12.3.1/../../../../arm-none-eabi/lib/thumb/v7e-m+fp/hard\libc.a(libc_a-readr.o)
 .text          0x00000000        0x0 C:/ST/STM32CubeCLT_1.17.0/GNU-tools-for-STM32/bin/../lib/gcc/arm-none-eabi/12.3.1/../../../../arm-none-eabi/lib/thumb/v7e-m+fp/hard\libc.a(libc_a-writer.o)
 .data          0x00000000        0x0 C:/ST/STM32CubeCLT_1.17.0/GNU-tools-for-STM32/bin/../lib/gcc/arm-none-eabi/12.3.1/../../../../arm-none-eabi/lib/thumb/v7e-m+fp/hard\libc.a(libc_a-writer.o)
 .bss           0x00000000        0x0 C:/ST/STM32CubeCLT_1.17.0/GNU-tools-for-STM32/bin/../lib/gcc/arm-none-eabi/12.3.1/../../../../arm-none-eabi/lib/thumb/v7e-m+fp/hard\libc.a(libc_a-writer.o)
 .text._write_r
                0x00000000       0x24 C:/ST/STM32CubeCLT_1.17.0/GNU-tools-for-STM32/bin/../lib/gcc/arm-none-eabi/12.3.1/../../../../arm-none-eabi/lib/thumb/v7e-m+fp/hard\libc.a(libc_a-writer.o)
 .debug_frame   0x00000000       0x2c C:/ST/STM32CubeCLT_1.17.0/GNU-tools-for-STM32/bin/../lib/gcc/arm-none-eabi/12.3.1/../../../../arm-none-eabi/lib/thumb/v7e-m+fp/hard\libc.a(libc_a-writer.o)
 .ARM.attributes
                0x00000000       0x34 C:/ST/STM32CubeCLT_1.17.0/GNU-tools-for-STM32/bin/../lib/gcc/arm-none-eabi/12.3.1/../../../../arm-none-eabi/lib/thumb/v7e-m+fp/hard\libc.a(libc_a-writer.o)
 .text          0x00000000        0x0 C:/ST/STM32CubeCLT_1.17.0/GNU-tools-for-STM32/bin/../lib/gcc/arm-none-eabi/12.3.1/../../../../arm-none-eabi/lib/thumb/v7e-m+fp/hard\libc.a(libc_a-lock.o)
 .data          0x00000000        0x0 C:/ST/STM32CubeCLT_1.17.0/GNU-tools-for-STM32/bin/../lib/gcc/arm-none-eabi/12.3.1/../../../../arm-none-eabi/lib/thumb/v7e-m+fp/hard\libc.a(libc_a-lock.o)
 .bss           0x00000000        0x0 C:/ST/STM32CubeCLT_1.17.0/GNU-tools-for-STM32/bin/../lib/gcc/arm-none-eabi/12.3.1/../../../../arm-none-eabi/lib/thumb/v7e-m+fp/hard\libc.a(libc_a-lock.o)
 .text.__retarget_lock_init
                0x00000000        0x2 C:/ST/STM32CubeCLT_1.17.0/GNU-tools-for-STM32/bin/../lib/gcc/arm-none-eabi/12.3.1/../../../../arm-none-eabi/lib/thumb/v7e-m+fp/hard\libc.a(libc_a-lock.o)
 .text.__retarget_lock_init_recursive
                0x00000000        0x2 C:/ST/STM32CubeCLT_1.17.0/GNU-tools-for-STM32/bin/../lib/gcc/arm-none-eabi/12.3.1/../../../../arm-none-eabi/lib/thumb/v7e-m+fp/hard\libc.a(libc_a-lock.o)
 .text.__retarget_lock_close
                0x00000000        0x2 C:/ST/STM32CubeCLT_1.17.0/GNU-tools-for-STM32/bin/../lib/gcc/arm-none-eabi/12.3.1/../../../../arm-none-eabi/lib/thumb/v7e-m+fp/hard\libc.a(libc_a-lock.o)
 .text.__retarget_lock_close_recursive
                0x00000000        0x2 C:/ST/STM32CubeCLT_1.17.0/GNU-tools-for-STM32/bin/../lib/gcc/arm-none-eabi/12.3.1/../../../../arm-none-eabi/lib/thumb/v7e-m+fp/hard\libc.a(libc_a-lock.o)
 .text.__retarget_lock_acquire
                0x00000000        0x2 C:/ST/STM32CubeCLT_1.17.0/GNU-tools-for-STM32/bin/../lib/gcc/arm-none-eabi/12.3.1/../../../../arm-none-eabi/lib/thumb/v7e-m+fp/hard\libc.a(libc_a-lock.o)
 .text.__retarget_lock_acquire_recursive
                0x00000000        0x2 C:/ST/STM32CubeCLT_1.17.0/GNU-tools-for-STM32/bin/../lib/gcc/arm-none-eabi/12.3.1/../../../../arm-none-eabi/lib/thumb/v7e-m+fp/hard\libc.a(libc_a-lock.o)
 .text.__retarget_lock_try_acquire
                0x00000000        0x4 C:/ST/STM32CubeCLT_1.17.0/GNU-tools-for-STM32/bin/../lib/gcc/arm-none-eabi/12.3.1/../../../../arm-none-eabi/lib/thumb/v7e-m+fp/hard\libc.a(libc_a-lock.o)
 .text.__retarget_lock_try_acquire_recursive
                0x00000000        0x4 C:/ST/STM32CubeCLT_1.17.0/GNU-tools-for-STM32/bin/../lib/gcc/arm-none-eabi/12.3.1/../../../../arm-none-eabi/lib/thumb/v7e-m+fp/hard\libc.a(libc_a-lock.o)
 .text.__retarget_lock_release
                0x00000000        0x2 C:/ST/STM32CubeCLT_1.17.0/GNU-tools-for-STM32/bin/../lib/gcc/arm-none-eabi/12.3.1/../../../../arm-none-eabi/lib/thumb/v7e-m+fp/hard\libc.a(libc_a-lock.o)
 .text.__retarget_lock_release_recursive
                0x00000000        0x2 C:/ST/STM32CubeCLT_1.17.0/GNU-tools-for-STM32/bin/../lib/gcc/arm-none-eabi/12.3.1/../../../../arm-none-eabi/lib/thumb/v7e-m+fp/hard\libc.a(libc_a-lock.o)
 .bss.__lock___arc4random_mutex
                0x00000000        0x1 C:/ST/STM32CubeCLT_1.17.0/GNU-tools-for-STM32/bin/../lib/gcc/arm-none-eabi/12.3.1/../../../../arm-none-eabi/lib/thumb/v7e-m+fp/hard\libc.a(libc_a-lock.o)
 .bss.__lock___dd_hash_mutex
                0x00000000        0x1 C:/ST/STM32CubeCLT_1.17.0/GNU-tools-for-STM32/bin/../lib/gcc/arm-none-eabi/12.3.1/../../../../arm-none-eabi/lib/thumb/v7e-m+fp/hard\libc.a(libc_a-lock.o)
 .bss.__lock___tz_mutex
                0x00000000        0x1 C:/ST/STM32CubeCLT_1.17.0/GNU-tools-for-STM32/bin/../lib/gcc/arm-none-eabi/12.3.1/../../../../arm-none-eabi/lib/thumb/v7e-m+fp/hard\libc.a(libc_a-lock.o)
 .bss.__lock___env_recursive_mutex
                0x00000000        0x1 C:/ST/STM32CubeCLT_1.17.0/GNU-tools-for-STM32/bin/../lib/gcc/arm-none-eabi/12.3.1/../../../../arm-none-eabi/lib/thumb/v7e-m+fp/hard\libc.a(libc_a-lock.o)
 .bss.__lock___malloc_recursive_mutex
                0x00000000        0x1 C:/ST/STM32CubeCLT_1.17.0/GNU-tools-for-STM32/bin/../lib/gcc/arm-none-eabi/12.3.1/../../../../arm-none-eabi/lib/thumb/v7e-m+fp/hard\libc.a(libc_a-lock.o)
 .bss.__lock___at_quick_exit_mutex
                0x00000000        0x1 C:/ST/STM32CubeCLT_1.17.0/GNU-tools-for-STM32/bin/../lib/gcc/arm-none-eabi/12.3.1/../../../../arm-none-eabi/lib/thumb/v7e-m+fp/hard\libc.a(libc_a-lock.o)
 .bss.__lock___atexit_recursive_mutex
                0x00000000        0x1 C:/ST/STM32CubeCLT_1.17.0/GNU-tools-for-STM32/bin/../lib/gcc/arm-none-eabi/12.3.1/../../../../arm-none-eabi/lib/thumb/v7e-m+fp/hard\libc.a(libc_a-lock.o)
 .bss.__lock___sfp_recursive_mutex
                0x00000000        0x1 C:/ST/STM32CubeCLT_1.17.0/GNU-tools-for-STM32/bin/../lib/gcc/arm-none-eabi/12.3.1/../../../../arm-none-eabi/lib/thumb/v7e-m+fp/hard\libc.a(libc_a-lock.o)
 .debug_frame   0x00000000       0xb0 C:/ST/STM32CubeCLT_1.17.0/GNU-tools-for-STM32/bin/../lib/gcc/arm-none-eabi/12.3.1/../../../../arm-none-eabi/lib/thumb/v7e-m+fp/hard\libc.a(libc_a-lock.o)
 .ARM.attributes
                0x00000000       0x34 C:/ST/STM32CubeCLT_1.17.0/GNU-tools-for-STM32/bin/../lib/gcc/arm-none-eabi/12.3.1/../../../../arm-none-eabi/lib/thumb/v7e-m+fp/hard\libc.a(libc_a-lock.o)
 .text          0x00000000        0x0 C:/ST/STM32CubeCLT_1.17.0/GNU-tools-for-STM32/bin/../lib/gcc/arm-none-eabi/12.3.1/../../../../arm-none-eabi/lib/thumb/v7e-m+fp/hard\libc.a(libc_a-freer.o)
 .data          0x00000000        0x0 C:/ST/STM32CubeCLT_1.17.0/GNU-tools-for-STM32/bin/../lib/gcc/arm-none-eabi/12.3.1/../../../../arm-none-eabi/lib/thumb/v7e-m+fp/hard\libc.a(libc_a-freer.o)
 .bss           0x00000000        0x0 C:/ST/STM32CubeCLT_1.17.0/GNU-tools-for-STM32/bin/../lib/gcc/arm-none-eabi/12.3.1/../../../../arm-none-eabi/lib/thumb/v7e-m+fp/hard\libc.a(libc_a-freer.o)
 .text._malloc_trim_r
                0x00000000       0xac C:/ST/STM32CubeCLT_1.17.0/GNU-tools-for-STM32/bin/../lib/gcc/arm-none-eabi/12.3.1/../../../../arm-none-eabi/lib/thumb/v7e-m+fp/hard\libc.a(libc_a-freer.o)
 .text._free_r  0x00000000      0x180 C:/ST/STM32CubeCLT_1.17.0/GNU-tools-for-STM32/bin/../lib/gcc/arm-none-eabi/12.3.1/../../../../arm-none-eabi/lib/thumb/v7e-m+fp/hard\libc.a(libc_a-freer.o)
 .debug_frame   0x00000000       0x60 C:/ST/STM32CubeCLT_1.17.0/GNU-tools-for-STM32/bin/../lib/gcc/arm-none-eabi/12.3.1/../../../../arm-none-eabi/lib/thumb/v7e-m+fp/hard\libc.a(libc_a-freer.o)
 .ARM.attributes
                0x00000000       0x34 C:/ST/STM32CubeCLT_1.17.0/GNU-tools-for-STM32/bin/../lib/gcc/arm-none-eabi/12.3.1/../../../../arm-none-eabi/lib/thumb/v7e-m+fp/hard\libc.a(libc_a-freer.o)
 .text          0x00000000        0x0 C:/ST/STM32CubeCLT_1.17.0/GNU-tools-for-STM32/bin/../lib/gcc/arm-none-eabi/12.3.1/../../../../arm-none-eabi/lib/thumb/v7e-m+fp/hard\libc.a(libc_a-mallocr.o)
 .data          0x00000000        0x0 C:/ST/STM32CubeCLT_1.17.0/GNU-tools-for-STM32/bin/../lib/gcc/arm-none-eabi/12.3.1/../../../../arm-none-eabi/lib/thumb/v7e-m+fp/hard\libc.a(libc_a-mallocr.o)
 .bss           0x00000000        0x0 C:/ST/STM32CubeCLT_1.17.0/GNU-tools-for-STM32/bin/../lib/gcc/arm-none-eabi/12.3.1/../../../../arm-none-eabi/lib/thumb/v7e-m+fp/hard\libc.a(libc_a-mallocr.o)
 .text._malloc_r
                0x00000000      0x474 C:/ST/STM32CubeCLT_1.17.0/GNU-tools-for-STM32/bin/../lib/gcc/arm-none-eabi/12.3.1/../../../../arm-none-eabi/lib/thumb/v7e-m+fp/hard\libc.a(libc_a-mallocr.o)
 .bss.__malloc_current_mallinfo
                0x00000000       0x28 C:/ST/STM32CubeCLT_1.17.0/GNU-tools-for-STM32/bin/../lib/gcc/arm-none-eabi/12.3.1/../../../../arm-none-eabi/lib/thumb/v7e-m+fp/hard\libc.a(libc_a-mallocr.o)
 .bss.__malloc_max_total_mem
                0x00000000        0x4 C:/ST/STM32CubeCLT_1.17.0/GNU-tools-for-STM32/bin/../lib/gcc/arm-none-eabi/12.3.1/../../../../arm-none-eabi/lib/thumb/v7e-m+fp/hard\libc.a(libc_a-mallocr.o)
 .bss.__malloc_max_sbrked_mem
                0x00000000        0x4 C:/ST/STM32CubeCLT_1.17.0/GNU-tools-for-STM32/bin/../lib/gcc/arm-none-eabi/12.3.1/../../../../arm-none-eabi/lib/thumb/v7e-m+fp/hard\libc.a(libc_a-mallocr.o)
 .data.__malloc_sbrk_base
                0x00000000        0x4 C:/ST/STM32CubeCLT_1.17.0/GNU-tools-for-STM32/bin/../lib/gcc/arm-none-eabi/12.3.1/../../../../arm-none-eabi/lib/thumb/v7e-m+fp/hard\libc.a(libc_a-mallocr.o)
 .bss.__malloc_top_pad
                0x00000000        0x4 C:/ST/STM32CubeCLT_1.17.0/GNU-tools-for-STM32/bin/../lib/gcc/arm-none-eabi/12.3.1/../../../../arm-none-eabi/lib/thumb/v7e-m+fp/hard\libc.a(libc_a-mallocr.o)
 .data.__malloc_trim_threshold
                0x00000000        0x4 C:/ST/STM32CubeCLT_1.17.0/GNU-tools-for-STM32/bin/../lib/gcc/arm-none-eabi/12.3.1/../../../../arm-none-eabi/lib/thumb/v7e-m+fp/hard\libc.a(libc_a-mallocr.o)
 .data.__malloc_av_
                0x00000000      0x408 C:/ST/STM32CubeCLT_1.17.0/GNU-tools-for-STM32/bin/../lib/gcc/arm-none-eabi/12.3.1/../../../../arm-none-eabi/lib/thumb/v7e-m+fp/hard\libc.a(libc_a-mallocr.o)
 .debug_frame   0x00000000       0x40 C:/ST/STM32CubeCLT_1.17.0/GNU-tools-for-STM32/bin/../lib/gcc/arm-none-eabi/12.3.1/../../../../arm-none-eabi/lib/thumb/v7e-m+fp/hard\libc.a(libc_a-mallocr.o)
 .ARM.attributes
                0x00000000       0x34 C:/ST/STM32CubeCLT_1.17.0/GNU-tools-for-STM32/bin/../lib/gcc/arm-none-eabi/12.3.1/../../../../arm-none-eabi/lib/thumb/v7e-m+fp/hard\libc.a(libc_a-mallocr.o)
 .text          0x00000000        0x0 C:/ST/STM32CubeCLT_1.17.0/GNU-tools-for-STM32/bin/../lib/gcc/arm-none-eabi/12.3.1/../../../../arm-none-eabi/lib/thumb/v7e-m+fp/hard\libc.a(libc_a-mlock.o)
 .data          0x00000000        0x0 C:/ST/STM32CubeCLT_1.17.0/GNU-tools-for-STM32/bin/../lib/gcc/arm-none-eabi/12.3.1/../../../../arm-none-eabi/lib/thumb/v7e-m+fp/hard\libc.a(libc_a-mlock.o)
 .bss           0x00000000        0x0 C:/ST/STM32CubeCLT_1.17.0/GNU-tools-for-STM32/bin/../lib/gcc/arm-none-eabi/12.3.1/../../../../arm-none-eabi/lib/thumb/v7e-m+fp/hard\libc.a(libc_a-mlock.o)
 .text.__malloc_lock
                0x00000000        0xc C:/ST/STM32CubeCLT_1.17.0/GNU-tools-for-STM32/bin/../lib/gcc/arm-none-eabi/12.3.1/../../../../arm-none-eabi/lib/thumb/v7e-m+fp/hard\libc.a(libc_a-mlock.o)
 .text.__malloc_unlock
                0x00000000        0xc C:/ST/STM32CubeCLT_1.17.0/GNU-tools-for-STM32/bin/../lib/gcc/arm-none-eabi/12.3.1/../../../../arm-none-eabi/lib/thumb/v7e-m+fp/hard\libc.a(libc_a-mlock.o)
 .debug_frame   0x00000000       0x30 C:/ST/STM32CubeCLT_1.17.0/GNU-tools-for-STM32/bin/../lib/gcc/arm-none-eabi/12.3.1/../../../../arm-none-eabi/lib/thumb/v7e-m+fp/hard\libc.a(libc_a-mlock.o)
 .ARM.attributes
                0x00000000       0x34 C:/ST/STM32CubeCLT_1.17.0/GNU-tools-for-STM32/bin/../lib/gcc/arm-none-eabi/12.3.1/../../../../arm-none-eabi/lib/thumb/v7e-m+fp/hard\libc.a(libc_a-mlock.o)
 .text          0x00000000        0x0 C:/ST/STM32CubeCLT_1.17.0/GNU-tools-for-STM32/bin/../lib/gcc/arm-none-eabi/12.3.1/../../../../arm-none-eabi/lib/thumb/v7e-m+fp/hard\libc.a(libc_a-fclose.o)
 .data          0x00000000        0x0 C:/ST/STM32CubeCLT_1.17.0/GNU-tools-for-STM32/bin/../lib/gcc/arm-none-eabi/12.3.1/../../../../arm-none-eabi/lib/thumb/v7e-m+fp/hard\libc.a(libc_a-fclose.o)
 .bss           0x00000000        0x0 C:/ST/STM32CubeCLT_1.17.0/GNU-tools-for-STM32/bin/../lib/gcc/arm-none-eabi/12.3.1/../../../../arm-none-eabi/lib/thumb/v7e-m+fp/hard\libc.a(libc_a-fclose.o)
 .text._fclose_r
                0x00000000       0xaa C:/ST/STM32CubeCLT_1.17.0/GNU-tools-for-STM32/bin/../lib/gcc/arm-none-eabi/12.3.1/../../../../arm-none-eabi/lib/thumb/v7e-m+fp/hard\libc.a(libc_a-fclose.o)
 .text.fclose   0x00000000       0x10 C:/ST/STM32CubeCLT_1.17.0/GNU-tools-for-STM32/bin/../lib/gcc/arm-none-eabi/12.3.1/../../../../arm-none-eabi/lib/thumb/v7e-m+fp/hard\libc.a(libc_a-fclose.o)
 .debug_frame   0x00000000       0x3c C:/ST/STM32CubeCLT_1.17.0/GNU-tools-for-STM32/bin/../lib/gcc/arm-none-eabi/12.3.1/../../../../arm-none-eabi/lib/thumb/v7e-m+fp/hard\libc.a(libc_a-fclose.o)
 .ARM.attributes
                0x00000000       0x34 C:/ST/STM32CubeCLT_1.17.0/GNU-tools-for-STM32/bin/../lib/gcc/arm-none-eabi/12.3.1/../../../../arm-none-eabi/lib/thumb/v7e-m+fp/hard\libc.a(libc_a-fclose.o)
 .text          0x00000000        0x0 C:/ST/STM32CubeCLT_1.17.0/GNU-tools-for-STM32/bin/../lib/gcc/arm-none-eabi/12.3.1/../../../../arm-none-eabi/lib/thumb/v7e-m+fp/hard\libc.a(libc_a-fflush.o)
 .data          0x00000000        0x0 C:/ST/STM32CubeCLT_1.17.0/GNU-tools-for-STM32/bin/../lib/gcc/arm-none-eabi/12.3.1/../../../../arm-none-eabi/lib/thumb/v7e-m+fp/hard\libc.a(libc_a-fflush.o)
 .bss           0x00000000        0x0 C:/ST/STM32CubeCLT_1.17.0/GNU-tools-for-STM32/bin/../lib/gcc/arm-none-eabi/12.3.1/../../../../arm-none-eabi/lib/thumb/v7e-m+fp/hard\libc.a(libc_a-fflush.o)
 .text.__sflush_r
                0x00000000      0x110 C:/ST/STM32CubeCLT_1.17.0/GNU-tools-for-STM32/bin/../lib/gcc/arm-none-eabi/12.3.1/../../../../arm-none-eabi/lib/thumb/v7e-m+fp/hard\libc.a(libc_a-fflush.o)
 .text._fflush_r
                0x00000000       0x4a C:/ST/STM32CubeCLT_1.17.0/GNU-tools-for-STM32/bin/../lib/gcc/arm-none-eabi/12.3.1/../../../../arm-none-eabi/lib/thumb/v7e-m+fp/hard\libc.a(libc_a-fflush.o)
 .text.fflush   0x00000000       0x28 C:/ST/STM32CubeCLT_1.17.0/GNU-tools-for-STM32/bin/../lib/gcc/arm-none-eabi/12.3.1/../../../../arm-none-eabi/lib/thumb/v7e-m+fp/hard\libc.a(libc_a-fflush.o)
 .debug_frame   0x00000000       0x5c C:/ST/STM32CubeCLT_1.17.0/GNU-tools-for-STM32/bin/../lib/gcc/arm-none-eabi/12.3.1/../../../../arm-none-eabi/lib/thumb/v7e-m+fp/hard\libc.a(libc_a-fflush.o)
 .ARM.attributes
                0x00000000       0x34 C:/ST/STM32CubeCLT_1.17.0/GNU-tools-for-STM32/bin/../lib/gcc/arm-none-eabi/12.3.1/../../../../arm-none-eabi/lib/thumb/v7e-m+fp/hard\libc.a(libc_a-fflush.o)
 .text          0x00000000        0x0 C:/ST/STM32CubeCLT_1.17.0/GNU-tools-for-STM32/bin/../lib/gcc/arm-none-eabi/12.3.1/../../../../arm-none-eabi/lib/thumb/v7e-m+fp/hard\libc.a(libc_a-sbrkr.o)
 .data          0x00000000        0x0 C:/ST/STM32CubeCLT_1.17.0/GNU-tools-for-STM32/bin/../lib/gcc/arm-none-eabi/12.3.1/../../../../arm-none-eabi/lib/thumb/v7e-m+fp/hard\libc.a(libc_a-sbrkr.o)
 .bss           0x00000000        0x0 C:/ST/STM32CubeCLT_1.17.0/GNU-tools-for-STM32/bin/../lib/gcc/arm-none-eabi/12.3.1/../../../../arm-none-eabi/lib/thumb/v7e-m+fp/hard\libc.a(libc_a-sbrkr.o)
 .text._sbrk_r  0x00000000       0x20 C:/ST/STM32CubeCLT_1.17.0/GNU-tools-for-STM32/bin/../lib/gcc/arm-none-eabi/12.3.1/../../../../arm-none-eabi/lib/thumb/v7e-m+fp/hard\libc.a(libc_a-sbrkr.o)
 .debug_frame   0x00000000       0x2c C:/ST/STM32CubeCLT_1.17.0/GNU-tools-for-STM32/bin/../lib/gcc/arm-none-eabi/12.3.1/../../../../arm-none-eabi/lib/thumb/v7e-m+fp/hard\libc.a(libc_a-sbrkr.o)
 .ARM.attributes
                0x00000000       0x34 C:/ST/STM32CubeCLT_1.17.0/GNU-tools-for-STM32/bin/../lib/gcc/arm-none-eabi/12.3.1/../../../../arm-none-eabi/lib/thumb/v7e-m+fp/hard\libc.a(libc_a-sbrkr.o)
 .text          0x00000000        0x0 C:/ST/STM32CubeCLT_1.17.0/GNU-tools-for-STM32/bin/../lib/gcc/arm-none-eabi/12.3.1/../../../../arm-none-eabi/lib/thumb/v7e-m+fp/hard\libc.a(libc_a-sysconf.o)
 .data          0x00000000        0x0 C:/ST/STM32CubeCLT_1.17.0/GNU-tools-for-STM32/bin/../lib/gcc/arm-none-eabi/12.3.1/../../../../arm-none-eabi/lib/thumb/v7e-m+fp/hard\libc.a(libc_a-sysconf.o)
 .bss           0x00000000        0x0 C:/ST/STM32CubeCLT_1.17.0/GNU-tools-for-STM32/bin/../lib/gcc/arm-none-eabi/12.3.1/../../../../arm-none-eabi/lib/thumb/v7e-m+fp/hard\libc.a(libc_a-sysconf.o)
 .text.sysconf  0x00000000       0x18 C:/ST/STM32CubeCLT_1.17.0/GNU-tools-for-STM32/bin/../lib/gcc/arm-none-eabi/12.3.1/../../../../arm-none-eabi/lib/thumb/v7e-m+fp/hard\libc.a(libc_a-sysconf.o)
 .debug_frame   0x00000000       0x28 C:/ST/STM32CubeCLT_1.17.0/GNU-tools-for-STM32/bin/../lib/gcc/arm-none-eabi/12.3.1/../../../../arm-none-eabi/lib/thumb/v7e-m+fp/hard\libc.a(libc_a-sysconf.o)
 .ARM.attributes
                0x00000000       0x34 C:/ST/STM32CubeCLT_1.17.0/GNU-tools-for-STM32/bin/../lib/gcc/arm-none-eabi/12.3.1/../../../../arm-none-eabi/lib/thumb/v7e-m+fp/hard\libc.a(libc_a-sysconf.o)

Memory Configuration

Name             Origin             Length             Attributes
CCMRAM           0x10000000         0x00002000         xrw
RAM              0x20000000         0x0000a000         xrw
FLASH            0x08000000         0x00040000         xr
*default*        0x00000000         0xffffffff

Linker script and memory map

START GROUP
LOAD C:/ST/STM32CubeCLT_1.17.0/GNU-tools-for-STM32/bin/../lib/gcc/arm-none-eabi/12.3.1/../../../../arm-none-eabi/lib/thumb/v7e-m+fp/hard\libc.a
LOAD C:/ST/STM32CubeCLT_1.17.0/GNU-tools-for-STM32/bin/../lib/gcc/arm-none-eabi/12.3.1/../../../../arm-none-eabi/lib/thumb/v7e-m+fp/hard\libm.a
LOAD C:/ST/STM32CubeCLT_1.17.0/GNU-tools-for-STM32/bin/../lib/gcc/arm-none-eabi/12.3.1/../../../../arm-none-eabi/lib/thumb/v7e-m+fp/hard\libstdc++.a
LOAD C:/ST/STM32CubeCLT_1.17.0/GNU-tools-for-STM32/bin/../lib/gcc/arm-none-eabi/12.3.1/../../../../arm-none-eabi/lib/thumb/v7e-m+fp/hard\libsupc++.a
END GROUP
LOAD CMakeFiles/f303-test.dir/CMSIS/Source/system_stm32f3xx.c.obj
LOAD CMakeFiles/f303-test.dir/Src/main.c.obj
LOAD CMakeFiles/f303-test.dir/Src/syscall.c.obj
LOAD CMakeFiles/f303-test.dir/Src/sysmem.c.obj
LOAD CMakeFiles/f303-test.dir/Startup/startup_stm32f303vctx.s.obj
                0x2000a000                        _estack = (ORIGIN (RAM) + LENGTH (RAM))
                0x00000200                        _Min_Heap_Size = 0x200
                0x00000400                        _Min_Stack_Size = 0x400

.isr_vector     0x08000000      0x194
                0x08000000                        . = ALIGN (0x4)
 *(.isr_vector)
 .isr_vector    0x08000000      0x194 CMakeFiles/f303-test.dir/Startup/startup_stm32f303vctx.s.obj
                0x08000000                g_pfnVectors
                0x08000194                        . = ALIGN (0x4)

.text           0x08000194      0x26c
                0x08000194                        . = ALIGN (0x4)
 *(.text)
 *(.text*)
 .text.SetSysClock
                0x08000194       0xb0 CMakeFiles/f303-test.dir/CMSIS/Source/system_stm32f3xx.c.obj
 .text.SystemInit
                0x08000244       0x68 CMakeFiles/f303-test.dir/CMSIS/Source/system_stm32f3xx.c.obj
                0x08000244                SystemInit
 .text.startGPIO
                0x080002ac       0x28 CMakeFiles/f303-test.dir/Src/main.c.obj
 .text.startTIM
                0x080002d4       0x54 CMakeFiles/f303-test.dir/Src/main.c.obj
 .text.main     0x08000328       0x1c CMakeFiles/f303-test.dir/Src/main.c.obj
                0x08000328                main
 .text.TIM6_DACUNDER_IRQHandler
                0x08000344       0x1c CMakeFiles/f303-test.dir/Src/main.c.obj
                0x08000344                TIM6_DACUNDER_IRQHandler
 .text._init    0x08000360        0x2 CMakeFiles/f303-test.dir/Src/syscall.c.obj
                0x08000360                _init
 *fill*         0x08000362        0x2 
 .text.Reset_Handler
                0x08000364       0x50 CMakeFiles/f303-test.dir/Startup/startup_stm32f303vctx.s.obj
                0x08000364                Reset_Handler
 .text.Default_Handler
                0x080003b4        0x2 CMakeFiles/f303-test.dir/Startup/startup_stm32f303vctx.s.obj
                0x080003b4                TIM8_TRG_COM_IRQHandler
                0x080003b4                TIM8_CC_IRQHandler
                0x080003b4                DMA1_CH4_IRQHandler
                0x080003b4                SPI4_IRQHandler
                0x080003b4                TIM1_CC_IRQHandler
                0x080003b4                HardFault_Handler
                0x080003b4                USB_HP_IRQHandler
                0x080003b4                I2C2_EV_EXTI24_IRQHandler
                0x080003b4                SysTick_Handler
                0x080003b4                USB_WKUP_EXTI_IRQHandler
                0x080003b4                PVD_IRQHandler
                0x080003b4                UART4_EXTI34_IRQHandler
                0x080003b4                TAMP_STAMP_IRQHandler
                0x080003b4                PendSV_Handler
                0x080003b4                NMI_Handler
                0x080003b4                EXTI3_IRQHandler
                0x080003b4                I2C3_ER_IRQHandler
                0x080003b4                USB_HP_CAN_TX_IRQHandler
                0x080003b4                EXTI0_IRQHandler
                0x080003b4                DMA2_CH1_IRQHandler
                0x080003b4                TIM1_UP_TIM16_IRQHandler
                0x080003b4                UsageFault_Handler
                0x080003b4                ADC1_2_IRQHandler
                0x080003b4                SPI1_IRQHandler
                0x080003b4                CAN_SCE_IRQHandler
                0x080003b4                DMA1_CH7_IRQHandler
                0x080003b4                TIM8_UP_IRQHandler
                0x080003b4                COMP456_IRQHandler
                0x080003b4                DMA1_CH6_IRQHandler
                0x080003b4                TIM20_TRG_COM_IRQHandler
                0x080003b4                ADC3_IRQHandler
                0x080003b4                TIM4_IRQHandler
                0x080003b4                CAN_RX1_IRQHandler
                0x080003b4                USART1_EXTI25_IRQHandler
                0x080003b4                DMA2_CH5_IRQHandler
                0x080003b4                I2C1_EV_EXTI23_IRQHandler
                0x080003b4                DMA1_CH3_IRQHandler
                0x080003b4                TIM3_IRQHandler
                0x080003b4                RCC_IRQHandler
                0x080003b4                TIM20_UP_IRQHandler
                0x080003b4                Default_Handler
                0x080003b4                EXTI15_10_IRQHandler
                0x080003b4                USART2_EXTI26_IRQHandler
                0x080003b4                USART3_EXTI28_IRQHandler
                0x080003b4                TIM7_IRQHandler
                0x080003b4                I2C3_EV_IRQHandler
                0x080003b4                EXTI9_5_IRQHandler
                0x080003b4                DMA1_CH2_IRQHandler
                0x080003b4                RTC_WKUP_IRQHandler
                0x080003b4                SPI2_IRQHandler
                0x080003b4                DMA1_CH1_IRQHandler
                0x080003b4                USB_LP_CAN_RX0_IRQHandler
                0x080003b4                MemManage_Handler
                0x080003b4                COMP123_IRQHandler
                0x080003b4                SVC_Handler
                0x080003b4                USB_LP_IRQHandler
                0x080003b4                EXTI4_IRQHandler
                0x080003b4                TIM1_TRG_COM_TIM17_IRQHandler
                0x080003b4                ADC4_IRQHandler
                0x080003b4                WWDG_IRQHandler
                0x080003b4                TIM2_IRQHandler
                0x080003b4                COMP7_IRQHandler
                0x080003b4                EXTI1_IRQHandler
                0x080003b4                RTCAlarm_IRQHandler
                0x080003b4                UART5_EXTI35_IRQHandler
                0x080003b4                TIM20_BRK_IRQHandler
                0x080003b4                I2C2_ER_IRQHandler
                0x080003b4                TIM8_BRK_IRQHandler
                0x080003b4                FLASH_IRQHandler
                0x080003b4                TIM20_CC_IRQHandler
                0x080003b4                BusFault_Handler
                0x080003b4                SPI3_IRQHandler
                0x080003b4                DMA2_CH3_IRQHandler
                0x080003b4                DMA2_CH2_IRQHandler
                0x080003b4                I2C1_ER_IRQHandler
                0x080003b4                FMC_IRQHandler
                0x080003b4                DMA1_CH5_IRQHandler
                0x080003b4                DMA2_CH4_IRQHandler
                0x080003b4                USB_WKUP_IRQHandler
                0x080003b4                EXTI2_TSC_IRQHandler
                0x080003b4                TIM1_BRK_TIM15_IRQHandler
 *fill*         0x080003b6        0x2 
 .text.__libc_init_array
                0x080003b8       0x48 C:/ST/STM32CubeCLT_1.17.0/GNU-tools-for-STM32/bin/../lib/gcc/arm-none-eabi/12.3.1/../../../../arm-none-eabi/lib/thumb/v7e-m+fp/hard\libc.a(libc_a-init.o)
                0x080003b8                __libc_init_array
 *(.glue_7)
 .glue_7        0x08000400        0x0 linker stubs
 *(.glue_7t)
 .glue_7t       0x08000400        0x0 linker stubs
 *(.eh_frame)
 *(.init)
 *(.fini)
                0x08000400                        . = ALIGN (0x4)
                0x08000400                        _etext = .

.vfp11_veneer   0x08000400        0x0
 .vfp11_veneer  0x08000400        0x0 linker stubs

.v4_bx          0x08000400        0x0
 .v4_bx         0x08000400        0x0 linker stubs

.iplt           0x08000400        0x0
 .iplt          0x08000400        0x0 CMakeFiles/f303-test.dir/CMSIS/Source/system_stm32f3xx.c.obj

.rel.dyn        0x08000400        0x0
 .rel.iplt      0x08000400        0x0 CMakeFiles/f303-test.dir/CMSIS/Source/system_stm32f3xx.c.obj

.rodata         0x08000400        0x0
                0x08000400                        . = ALIGN (0x4)
 *(.rodata)
 *(.rodata*)
                0x08000400                        . = ALIGN (0x4)

.ARM.extab      0x08000400        0x0
                0x08000400                        . = ALIGN (0x4)
 *(.ARM.extab* .gnu.linkonce.armextab.*)
                0x08000400                        . = ALIGN (0x4)

.ARM            0x08000400        0x0
                0x08000400                        . = ALIGN (0x4)
                0x08000400                        __exidx_start = .
 *(.ARM.exidx*)
                0x08000400                        __exidx_end = .
                0x08000400                        . = ALIGN (0x4)

.preinit_array  0x08000400        0x0
                0x08000400                        . = ALIGN (0x4)
                0x08000400                        PROVIDE (__preinit_array_start = .)
 *(.preinit_array*)
                0x08000400                        PROVIDE (__preinit_array_end = .)
                0x08000400                        . = ALIGN (0x4)

.init_array     0x08000400        0x0
                0x08000400                        . = ALIGN (0x4)
                0x08000400                        PROVIDE (__init_array_start = .)
 *(SORT_BY_NAME(.init_array.*))
 *(.init_array*)
                0x08000400                        PROVIDE (__init_array_end = .)
                0x08000400                        . = ALIGN (0x4)

.fini_array     0x08000400        0x0
                0x08000400                        . = ALIGN (0x4)
                [!provide]                        PROVIDE (__fini_array_start = .)
 *(SORT_BY_NAME(.fini_array.*))
 *(.fini_array*)
                [!provide]                        PROVIDE (__fini_array_end = .)
                0x08000400                        . = ALIGN (0x4)
                0x08000400                        _sidata = LOADADDR (.data)

.data           0x20000000        0x0 load address 0x08000400
                0x20000000                        . = ALIGN (0x4)
                0x20000000                        _sdata = .
 *(.data)
 *(.data*)
 *(.RamFunc)
 *(.RamFunc*)
                0x20000000                        . = ALIGN (0x4)
                0x20000000                        _edata = .
                0x08000400                        _siccmram = LOADADDR (.ccmram)

.igot.plt       0x20000000        0x0 load address 0x08000400
 .igot.plt      0x20000000        0x0 CMakeFiles/f303-test.dir/CMSIS/Source/system_stm32f3xx.c.obj

.ccmram         0x10000000        0x0 load address 0x08000400
                0x10000000                        . = ALIGN (0x4)
                0x10000000                        _sccmram = .
 *(.ccmram)
 *(.ccmram*)
                0x10000000                        . = ALIGN (0x4)
                0x10000000                        _eccmram = .
                0x10000000                        . = ALIGN (0x4)

.bss            0x20000000        0x0
                0x20000000                        _sbss = .
                0x20000000                        __bss_start__ = _sbss
 *(.bss)
 *(.bss*)
 *(COMMON)
                0x20000000                        . = ALIGN (0x4)
                0x20000000                        _ebss = .
                0x20000000                        __bss_end__ = _ebss

._user_heap_stack
                0x20000000      0x600
                0x20000000                        . = ALIGN (0x8)
                [!provide]                        PROVIDE (end = .)
                0x20000000                        PROVIDE (_end = .)
                0x20000200                        . = (. + _Min_Heap_Size)
 *fill*         0x20000000      0x200 
                0x20000600                        . = (. + _Min_Stack_Size)
 *fill*         0x20000200      0x400 
                0x20000600                        . = ALIGN (0x8)

/DISCARD/
 libc.a(*)
 libm.a(*)
 libgcc.a(*)

.ARM.attributes
                0x00000000       0x32
 *(.ARM.attributes)
 .ARM.attributes
                0x00000000       0x34 CMakeFiles/f303-test.dir/CMSIS/Source/system_stm32f3xx.c.obj
 .ARM.attributes
                0x00000034       0x34 CMakeFiles/f303-test.dir/Src/main.c.obj
 .ARM.attributes
                0x00000068       0x34 CMakeFiles/f303-test.dir/Src/syscall.c.obj
 .ARM.attributes
                0x0000009c       0x21 CMakeFiles/f303-test.dir/Startup/startup_stm32f303vctx.s.obj
 .ARM.attributes
                0x000000bd       0x34 C:/ST/STM32CubeCLT_1.17.0/GNU-tools-for-STM32/bin/../lib/gcc/arm-none-eabi/12.3.1/../../../../arm-none-eabi/lib/thumb/v7e-m+fp/hard\libc.a(libc_a-init.o)
OUTPUT(f303-test.elf elf32-littlearm)
LOAD linker stubs
LOAD C:/ST/STM32CubeCLT_1.17.0/GNU-tools-for-STM32/bin/../lib/gcc/arm-none-eabi/12.3.1/../../../../arm-none-eabi/lib/thumb/v7e-m+fp/hard\libc.a
LOAD C:/ST/STM32CubeCLT_1.17.0/GNU-tools-for-STM32/bin/../lib/gcc/arm-none-eabi/12.3.1/../../../../arm-none-eabi/lib/thumb/v7e-m+fp/hard\libm.a
LOAD C:/ST/STM32CubeCLT_1.17.0/GNU-tools-for-STM32/bin/../lib/gcc/arm-none-eabi/12.3.1/thumb/v7e-m+fp/hard\libgcc.a

.debug_info     0x00000000     0x1630
 .debug_info    0x00000000      0x4fc CMakeFiles/f303-test.dir/CMSIS/Source/system_stm32f3xx.c.obj
 .debug_info    0x000004fc      0x96b CMakeFiles/f303-test.dir/Src/main.c.obj
 .debug_info    0x00000e67      0x799 CMakeFiles/f303-test.dir/Src/syscall.c.obj
 .debug_info    0x00001600       0x30 CMakeFiles/f303-test.dir/Startup/startup_stm32f303vctx.s.obj

.debug_abbrev   0x00000000      0x555
 .debug_abbrev  0x00000000      0x17b CMakeFiles/f303-test.dir/CMSIS/Source/system_stm32f3xx.c.obj
 .debug_abbrev  0x0000017b      0x1da CMakeFiles/f303-test.dir/Src/main.c.obj
 .debug_abbrev  0x00000355      0x1dc CMakeFiles/f303-test.dir/Src/syscall.c.obj
 .debug_abbrev  0x00000531       0x24 CMakeFiles/f303-test.dir/Startup/startup_stm32f303vctx.s.obj

.debug_loclists
                0x00000000      0x349
 .debug_loclists
                0x00000000       0xbc CMakeFiles/f303-test.dir/CMSIS/Source/system_stm32f3xx.c.obj
 .debug_loclists
                0x000000bc       0x32 CMakeFiles/f303-test.dir/Src/main.c.obj
 .debug_loclists
                0x000000ee      0x25b CMakeFiles/f303-test.dir/Src/syscall.c.obj

.debug_aranges  0x00000000      0x140
 .debug_aranges
                0x00000000       0x30 CMakeFiles/f303-test.dir/CMSIS/Source/system_stm32f3xx.c.obj
 .debug_aranges
                0x00000030       0x38 CMakeFiles/f303-test.dir/Src/main.c.obj
 .debug_aranges
                0x00000068       0xb0 CMakeFiles/f303-test.dir/Src/syscall.c.obj
 .debug_aranges
                0x00000118       0x28 CMakeFiles/f303-test.dir/Startup/startup_stm32f303vctx.s.obj

.debug_rnglists
                0x00000000       0xde
 .debug_rnglists
                0x00000000       0x21 CMakeFiles/f303-test.dir/CMSIS/Source/system_stm32f3xx.c.obj
 .debug_rnglists
                0x00000021       0x25 CMakeFiles/f303-test.dir/Src/main.c.obj
 .debug_rnglists
                0x00000046       0x7f CMakeFiles/f303-test.dir/Src/syscall.c.obj
 .debug_rnglists
                0x000000c5       0x19 CMakeFiles/f303-test.dir/Startup/startup_stm32f303vctx.s.obj

.debug_macro    0x00000000    0x1686e
 .debug_macro   0x00000000       0xda CMakeFiles/f303-test.dir/CMSIS/Source/system_stm32f3xx.c.obj
 .debug_macro   0x000000da      0xaae CMakeFiles/f303-test.dir/CMSIS/Source/system_stm32f3xx.c.obj
 .debug_macro   0x00000b88       0x2e CMakeFiles/f303-test.dir/CMSIS/Source/system_stm32f3xx.c.obj
 .debug_macro   0x00000bb6       0x28 CMakeFiles/f303-test.dir/CMSIS/Source/system_stm32f3xx.c.obj
 .debug_macro   0x00000bde       0x22 CMakeFiles/f303-test.dir/CMSIS/Source/system_stm32f3xx.c.obj
 .debug_macro   0x00000c00       0x8e CMakeFiles/f303-test.dir/CMSIS/Source/system_stm32f3xx.c.obj
 .debug_macro   0x00000c8e       0x51 CMakeFiles/f303-test.dir/CMSIS/Source/system_stm32f3xx.c.obj
 .debug_macro   0x00000cdf      0x103 CMakeFiles/f303-test.dir/CMSIS/Source/system_stm32f3xx.c.obj
 .debug_macro   0x00000de2       0x6a CMakeFiles/f303-test.dir/CMSIS/Source/system_stm32f3xx.c.obj
 .debug_macro   0x00000e4c      0x1df CMakeFiles/f303-test.dir/CMSIS/Source/system_stm32f3xx.c.obj
 .debug_macro   0x0000102b       0x1c CMakeFiles/f303-test.dir/CMSIS/Source/system_stm32f3xx.c.obj
 .debug_macro   0x00001047       0x22 CMakeFiles/f303-test.dir/CMSIS/Source/system_stm32f3xx.c.obj
 .debug_macro   0x00001069      0x107 CMakeFiles/f303-test.dir/CMSIS/Source/system_stm32f3xx.c.obj
 .debug_macro   0x00001170     0x1057 CMakeFiles/f303-test.dir/CMSIS/Source/system_stm32f3xx.c.obj
 .debug_macro   0x000021c7      0x11f CMakeFiles/f303-test.dir/CMSIS/Source/system_stm32f3xx.c.obj
 .debug_macro   0x000022e6    0x12a3a CMakeFiles/f303-test.dir/CMSIS/Source/system_stm32f3xx.c.obj
 .debug_macro   0x00014d20       0x6d CMakeFiles/f303-test.dir/CMSIS/Source/system_stm32f3xx.c.obj
 .debug_macro   0x00014d8d      0x1b4 CMakeFiles/f303-test.dir/Src/main.c.obj
 .debug_macro   0x00014f41       0x74 CMakeFiles/f303-test.dir/Src/main.c.obj
 .debug_macro   0x00014fb5       0x2a CMakeFiles/f303-test.dir/Src/main.c.obj
 .debug_macro   0x00014fdf       0x3c CMakeFiles/f303-test.dir/Src/main.c.obj
 .debug_macro   0x0001501b       0x34 CMakeFiles/f303-test.dir/Src/main.c.obj
 .debug_macro   0x0001504f       0x16 CMakeFiles/f303-test.dir/Src/main.c.obj
 .debug_macro   0x00015065       0x9e CMakeFiles/f303-test.dir/Src/main.c.obj
 .debug_macro   0x00015103      0x369 CMakeFiles/f303-test.dir/Src/main.c.obj
 .debug_macro   0x0001546c      0x10b CMakeFiles/f303-test.dir/Src/main.c.obj
 .debug_macro   0x00015577       0x10 CMakeFiles/f303-test.dir/Src/main.c.obj
 .debug_macro   0x00015587       0x16 CMakeFiles/f303-test.dir/Src/main.c.obj
 .debug_macro   0x0001559d       0x43 CMakeFiles/f303-test.dir/Src/main.c.obj
 .debug_macro   0x000155e0       0x34 CMakeFiles/f303-test.dir/Src/main.c.obj
 .debug_macro   0x00015614       0x10 CMakeFiles/f303-test.dir/Src/main.c.obj
 .debug_macro   0x00015624       0x58 CMakeFiles/f303-test.dir/Src/main.c.obj
 .debug_macro   0x0001567c      0x1de CMakeFiles/f303-test.dir/Src/main.c.obj
 .debug_macro   0x0001585a       0x16 CMakeFiles/f303-test.dir/Src/main.c.obj
 .debug_macro   0x00015870       0x16 CMakeFiles/f303-test.dir/Src/main.c.obj
 .debug_macro   0x00015886      0x170 CMakeFiles/f303-test.dir/Src/main.c.obj
 .debug_macro   0x000159f6      0x265 CMakeFiles/f303-test.dir/Src/syscall.c.obj
 .debug_macro   0x00015c5b       0x6e CMakeFiles/f303-test.dir/Src/syscall.c.obj
 .debug_macro   0x00015cc9       0x94 CMakeFiles/f303-test.dir/Src/syscall.c.obj
 .debug_macro   0x00015d5d       0x57 CMakeFiles/f303-test.dir/Src/syscall.c.obj
 .debug_macro   0x00015db4      0x189 CMakeFiles/f303-test.dir/Src/syscall.c.obj
 .debug_macro   0x00015f3d       0x10 CMakeFiles/f303-test.dir/Src/syscall.c.obj
 .debug_macro   0x00015f4d       0x35 CMakeFiles/f303-test.dir/Src/syscall.c.obj
 .debug_macro   0x00015f82       0x10 CMakeFiles/f303-test.dir/Src/syscall.c.obj
 .debug_macro   0x00015f92       0x10 CMakeFiles/f303-test.dir/Src/syscall.c.obj
 .debug_macro   0x00015fa2       0x10 CMakeFiles/f303-test.dir/Src/syscall.c.obj
 .debug_macro   0x00015fb2       0x1c CMakeFiles/f303-test.dir/Src/syscall.c.obj
 .debug_macro   0x00015fce       0x52 CMakeFiles/f303-test.dir/Src/syscall.c.obj
 .debug_macro   0x00016020       0x22 CMakeFiles/f303-test.dir/Src/syscall.c.obj
 .debug_macro   0x00016042       0x10 CMakeFiles/f303-test.dir/Src/syscall.c.obj
 .debug_macro   0x00016052       0x52 CMakeFiles/f303-test.dir/Src/syscall.c.obj
 .debug_macro   0x000160a4       0xcf CMakeFiles/f303-test.dir/Src/syscall.c.obj
 .debug_macro   0x00016173       0x1c CMakeFiles/f303-test.dir/Src/syscall.c.obj
 .debug_macro   0x0001618f       0x3d CMakeFiles/f303-test.dir/Src/syscall.c.obj
 .debug_macro   0x000161cc       0x35 CMakeFiles/f303-test.dir/Src/syscall.c.obj
 .debug_macro   0x00016201      0x12c CMakeFiles/f303-test.dir/Src/syscall.c.obj
 .debug_macro   0x0001632d       0x16 CMakeFiles/f303-test.dir/Src/syscall.c.obj
 .debug_macro   0x00016343       0x16 CMakeFiles/f303-test.dir/Src/syscall.c.obj
 .debug_macro   0x00016359       0x29 CMakeFiles/f303-test.dir/Src/syscall.c.obj
 .debug_macro   0x00016382       0x10 CMakeFiles/f303-test.dir/Src/syscall.c.obj
 .debug_macro   0x00016392      0x242 CMakeFiles/f303-test.dir/Src/syscall.c.obj
 .debug_macro   0x000165d4       0x1c CMakeFiles/f303-test.dir/Src/syscall.c.obj
 .debug_macro   0x000165f0       0x10 CMakeFiles/f303-test.dir/Src/syscall.c.obj
 .debug_macro   0x00016600      0x18a CMakeFiles/f303-test.dir/Src/syscall.c.obj
 .debug_macro   0x0001678a       0x16 CMakeFiles/f303-test.dir/Src/syscall.c.obj
 .debug_macro   0x000167a0       0xce CMakeFiles/f303-test.dir/Src/syscall.c.obj

.debug_line     0x00000000     0x12e2
 .debug_line    0x00000000      0x618 CMakeFiles/f303-test.dir/CMSIS/Source/system_stm32f3xx.c.obj
 .debug_line    0x00000618      0x540 CMakeFiles/f303-test.dir/Src/main.c.obj
 .debug_line    0x00000b58      0x70f CMakeFiles/f303-test.dir/Src/syscall.c.obj
 .debug_line    0x00001267       0x7b CMakeFiles/f303-test.dir/Startup/startup_stm32f303vctx.s.obj

.debug_str      0x00000000    0x78968
 .debug_str     0x00000000    0x72ea4 CMakeFiles/f303-test.dir/CMSIS/Source/system_stm32f3xx.c.obj
                              0x7301a (size before relaxing)
 .debug_str     0x00072ea4     0x3961 CMakeFiles/f303-test.dir/Src/main.c.obj
                              0x769f4 (size before relaxing)
 .debug_str     0x00076805     0x20f7 CMakeFiles/f303-test.dir/Src/syscall.c.obj
                               0x936d (size before relaxing)
 .debug_str     0x000788fc       0x6c CMakeFiles/f303-test.dir/Startup/startup_stm32f303vctx.s.obj
                                 0xa8 (size before relaxing)

.comment        0x00000000       0x43
 .comment       0x00000000       0x43 CMakeFiles/f303-test.dir/CMSIS/Source/system_stm32f3xx.c.obj
                                 0x44 (size before relaxing)
 .comment       0x00000043       0x44 CMakeFiles/f303-test.dir/Src/main.c.obj
 .comment       0x00000043       0x44 CMakeFiles/f303-test.dir/Src/syscall.c.obj

.debug_frame    0x00000000      0x278
 .debug_frame   0x00000000       0x54 CMakeFiles/f303-test.dir/CMSIS/Source/system_stm32f3xx.c.obj
 .debug_frame   0x00000054       0x58 CMakeFiles/f303-test.dir/Src/main.c.obj
 .debug_frame   0x000000ac      0x1a0 CMakeFiles/f303-test.dir/Src/syscall.c.obj
 .debug_frame   0x0000024c       0x2c C:/ST/STM32CubeCLT_1.17.0/GNU-tools-for-STM32/bin/../lib/gcc/arm-none-eabi/12.3.1/../../../../arm-none-eabi/lib/thumb/v7e-m+fp/hard\libc.a(libc_a-init.o)

.debug_line_str
                0x00000000       0x8c
 .debug_line_str
                0x00000000       0x8c CMakeFiles/f303-test.dir/Startup/startup_stm32f303vctx.s.obj
